 EEV_Sim

 Timestamp is 506dce56 (Thu Oct 04 20:58:46 2012)

 Preferred load address is 00400000

 Start         Length     Name                   Class
 0001:00000000 0004e492H .text                   CODE
 0001:0004e494 000054ffH .text$yc                CODE
 0002:00000000 00000008H .idata$5                DATA
 0002:00000008 00000004H .CRTMA$XCA              DATA
 0002:0000000c 000002f0H .CRTMA$XCC              DATA
 0002:000002fc 00000008H .CRTMA$XCU              DATA
 0002:00000304 00000004H .CRTMA$XCZ              DATA
 0002:00000308 00000004H .CRTVT$XCA              DATA
 0002:0000030c 00000004H .CRTVT$XCU              DATA
 0002:00000310 00000004H .CRTVT$XCZ              DATA
 0002:00000320 00081d30H .rdata                  DATA
 0002:00082050 00000014H .idata$2                DATA
 0002:00082064 00000014H .idata$3                DATA
 0002:00082078 00000008H .idata$4                DATA
 0002:00082080 0000001aH .idata$6                DATA
 0002:0008209a 00000000H .edata                  DATA
 0002:0008209c 00000036H .rdata$debug            DATA
 0003:00000000 000000d0H .rsrc$01                DATA
 0003:000000d0 00000438H .rsrc$02                DATA

  Address         Publics by Value              Rva+Base       Lib:Object

 0000:00000000       ___safe_se_handler_table   00000000     <absolute>
 0000:00000000       ___safe_se_handler_count   00000000     <absolute>
 0000:00000001       ?buttonCount@ACIT_Stack@@$$Q3DC 00000001     <absolute>
 0000:00000001       ?buttonPressed@ACIT_Stack@@$$Q3_NC 00000001     <absolute>
 0000:00000001       ?stringPrinted@ACIT_Stack@@$$Q3_NA 00000001     <absolute>
 0000:00000001       ?IsDefaultDomain@CurrentDomain@<CrtImplementationDetails>@@$$Q2_NA 00000001     <absolute>
 0000:00000002       ?Defrost_RS_8_1_1_4_Time@ACIT_Stack@@$$Q3PAEA 00000002     <absolute>
 0000:00000002       ?Relays@ACIT_Stack@@$$Q3U01@A 00000002     <absolute>
 0000:00000003       ?SuperHeatMinMaxCoefficients@ACIT_Stack@@$$Q3PAEA 00000003     <absolute>
 0000:00000003       ?Fan_MidHeat_Comp@ACIT_Stack@@$$Q3PACA 00000003     <absolute>
 0000:00000003       ?Defrost_CompOnTable@ACIT_Stack@@$$Q3PAEA 00000003     <absolute>
 0000:00000004       ?Defrost_RS_8_1_1_3_1@ACIT_Stack@@$$Q3PAFA 00000004     <absolute>
 0000:00000004       ?InitializedVtables@CurrentDomain@<CrtImplementationDetails>@@$$Q2W4State@Progress@2@A 00000004     <absolute>
 0000:00000004       ?InitializedPerAppDomain@CurrentDomain@<CrtImplementationDetails>@@$$Q2W4State@Progress@2@A 00000004     <absolute>
 0000:00000004       ?__onexitend_app_domain@@$$Q3PAP6MXXZA 00000004     <absolute>
 0000:00000004       ?_lock@AtExitLock@<CrtImplementationDetails>@@$$Q0PAXA 00000004     <absolute>
 0000:00000004       ?Defrost_RS_8_1_1_3_2@ACIT_Stack@@$$Q3PAFA 00000004     <absolute>
 0000:00000004       ?Rom_Temperature_Average@ACIT_Stack@@$$Q3PAEA 00000004     <absolute>
 0000:00000004       ?InitializedNative@CurrentDomain@<CrtImplementationDetails>@@$$Q2W4State@Progress@2@A 00000004     <absolute>
 0000:00000004       __@@_PchSym_@00@UzxrgPhrnUvvePhrnUwvyftUhgwzucOlyq@ 00000004     <absolute>
 0000:00000004       ?shift@ACIT_Stack@@$$Q3HA  00000004     <absolute>
 0000:00000004       ?Uninitialized@CurrentDomain@<CrtImplementationDetails>@@$$Q2HA 00000004     <absolute>
 0000:00000004       ?__exit_list_size_app_domain@@$$Q3IA 00000004     <absolute>
 0000:00000004       ?_ref_count@AtExitLock@<CrtImplementationDetails>@@$$Q0HA 00000004     <absolute>
 0000:00000004       ?InitializedPerProcess@CurrentDomain@<CrtImplementationDetails>@@$$Q2W4State@Progress@2@A 00000004     <absolute>
 0000:00000004       ?NumberOfLines@ACIT_Stack@@$$Q3HA 00000004     <absolute>
 0000:00000004       ?Initialized@CurrentDomain@<CrtImplementationDetails>@@$$Q2HA 00000004     <absolute>
 0000:00000004       ?__onexitbegin_app_domain@@$$Q3PAP6MXXZA 00000004     <absolute>
 0000:00000004       ?StopChartTimer@?1??Chart_DataProcess@Form1@EEV_Sim@@Q$AAMXXZ@$$Q4IA 00000004     <absolute>
 0000:00000004       ?ThermalCut_Table@ACIT_Stack@@$$Q3PACA 00000004     <absolute>
 0000:00000005       ?Cooling_Compensation_Table@ACIT_Stack@@$$Q3PACA 00000005     <absolute>
 0000:00000005       ?Heating_Compensation_Table@ACIT_Stack@@$$Q3PACA 00000005     <absolute>
 0000:00000005       ??_R2type_info@@8          00000005     <absolute>
 0000:00000006       ?EEV_OpenLevel_Coefficient_Table2@ACIT_Stack@@$$Q3PAEA 00000006     <absolute>
 0000:00000006       ?Defrost_EscapeTimers@ACIT_Stack@@$$Q3PAEA 00000006     <absolute>
 0000:00000008       ?Inp_Volt_MaxLim@ACIT_Stack@@$$Q3PAEA 00000008     <absolute>
 0000:00000008       ?__type_info_root_node@@$$Q3U__type_info_node@@A 00000008     <absolute>
 0000:00000008       ??_7type_info@@6B@         00000008     <absolute>
 0000:00000008       ?Hardware@ACIT_Stack@@$$Q3U01@A 00000008     <absolute>
 0000:00000008       ?Fan_Tc_CompTable@ACIT_Stack@@$$Q3PACA 00000008     <absolute>
 0000:00000009       ?Time@ACIT_Stack@@$$Q3PAEA 00000009     <absolute>
 0000:0000000a       ?Sleeping_Max_Step@ACIT_Stack@@$$Q3PAEA 0000000a     <absolute>
 0000:0000000b       ?Dew_Hold@ACIT_Stack@@$$Q3UReliability_Ram@1@A 0000000b     <absolute>
 0000:0000000b       ?HS@ACIT_Stack@@$$Q3UReliability_Ram@1@A 0000000b     <absolute>
 0000:0000000b       ?Tc_Hold@ACIT_Stack@@$$Q3UReliability_Ram@1@A 0000000b     <absolute>
 0000:0000000b       ?Reliability_Ram@ACIT_Stack@@$$Q3U01@A 0000000b     <absolute>
 0000:0000000b       ?Td_Hold@ACIT_Stack@@$$Q3UReliability_Ram@1@A 0000000b     <absolute>
 0000:0000000b       ?Te_Hold@ACIT_Stack@@$$Q3UReliability_Ram@1@A 0000000b     <absolute>
 0000:0000000c       ?Model_5@ACIT_Stack@@$$Q3PAEA 0000000c     <absolute>
 0000:0000000c       ?Defrost_RS_8_1_1_4@ACIT_Stack@@$$Q3PAFA 0000000c     <absolute>
 0000:0000000c       ?Model_1@ACIT_Stack@@$$Q3PAEA 0000000c     <absolute>
 0000:0000000c       ?Date@ACIT_Stack@@$$Q3PAEA 0000000c     <absolute>
 0000:0000000c       ?EEV_StartCompensationTable@ACIT_Stack@@$$Q3PACA 0000000c     <absolute>
 0000:0000000c       ?TargetStruct@ACIT_Stack@@$$Q3U<unnamed-type-TargetStruct>@1@A 0000000c     <absolute>
 0000:0000000c       ?Fan_Tc_Compensation_Threshold@ACIT_Stack@@$$Q3PAIA 0000000c     <absolute>
 0000:0000000c       ?Compile_Info@ACIT_Stack@@$$Q3U<unnamed-type-Compile_Info>@1@A 0000000c     <absolute>
 0000:0000000c       ?Model_2@ACIT_Stack@@$$Q3PAEA 0000000c     <absolute>
 0000:0000000c       ?Fan_Err_CompTable@ACIT_Stack@@$$Q3PAFA 0000000c     <absolute>
 0000:0000000c       ?Model_3@ACIT_Stack@@$$Q3PAEA 0000000c     <absolute>
 0000:0000000c       ?PI@ACIT_Stack@@$$Q3U<unnamed-type-PI>@1@A 0000000c     <absolute>
 0000:0000000d       ?Model_6@ACIT_Stack@@$$Q3PAEA 0000000d     <absolute>
 0000:0000000d       ?Model_4@ACIT_Stack@@$$Q3PAEA 0000000d     <absolute>
 0000:0000000e       ?FanStep2RpmTable@ACIT_Stack@@$$Q3PAEA 0000000e     <absolute>
 0000:00000010       ?Ram_Temperature_Average@ACIT_Stack@@$$Q3PAEA 00000010     <absolute>
 0000:00000010       ??_R3type_info@@8          00000010     <absolute>
 0000:00000010       ?EEV_StartTable@ACIT_Stack@@$$Q3PAEA 00000010     <absolute>
 0000:00000010       ?Oil_SupplyTable@ACIT_Stack@@$$Q3PAIA 00000010     <absolute>
 0000:00000012       ?Mem_Defrost_Table@ACIT_Stack@@$$Q3PAEA 00000012     <absolute>
 0000:00000012       ?EEV_StableCompensationTable@ACIT_Stack@@$$Q3PACA 00000012     <absolute>
 0000:00000014       ?MinCondenserLimit@ACIT_Stack@@$$Q3PAFA 00000014     <absolute>
 0000:00000014       ?Fan_CompOutAir_Heat@ACIT_Stack@@$$Q3PACA 00000014     <absolute>
 0000:00000014       ??_R4type_info@@6B@        00000014     <absolute>
 0000:00000014       ?EEV_PowerUp_Table@ACIT_Stack@@$$Q3PAEA 00000014     <absolute>
 0000:00000014       ?IndoorCommand@ACIT_Stack@@$$Q3U01@A 00000014     <absolute>
 0000:00000014       ?Defrost_Average@ACIT_Stack@@$$Q3U01@A 00000014     <absolute>
 0000:00000014       ?TimerUc@ACIT_Stack@@$$Q3UTimer@1@A 00000014     <absolute>
 0000:00000014       ?MinHzLimHeating_OutLow@ACIT_Stack@@$$Q3PAFA 00000014     <absolute>
 0000:00000014       ?MinMax_Steps@ACIT_Stack@@$$Q3PAEA 00000014     <absolute>
 0000:00000014       ?Defrost_RS_8_1_1_2@ACIT_Stack@@$$Q3PAFA 00000014     <absolute>
 0000:00000014       ?Defrost_Decision_Configuration_Table@ACIT_Stack@@$$Q3PA_NA 00000014     <absolute>
 0000:00000014       ?MinHzLimCooling_OutLow@ACIT_Stack@@$$Q3PAFA 00000014     <absolute>
 0000:00000016       ?Fan_CompOutAir_Cool@ACIT_Stack@@$$Q3PACA 00000016     <absolute>
 0000:00000018       ?Defrost8112@ACIT_Stack@@$$Q3UDefrost_Handle@1@A 00000018     <absolute>
 0000:00000018       ??_R0?AVtype_info@@@8      00000018     <absolute>
 0000:00000018       ?Defrost8113_2@ACIT_Stack@@$$Q3UDefrost_Handle@1@A 00000018     <absolute>
 0000:00000018       ?Defrost8113_1@ACIT_Stack@@$$Q3UDefrost_Handle@1@A 00000018     <absolute>
 0000:00000018       ?Temperature@ACIT_Stack@@$$Q3U01@A 00000018     <absolute>
 0000:00000018       ?Defrost8115@ACIT_Stack@@$$Q3UDefrost_Handle@1@A 00000018     <absolute>
 0000:00000018       ?Defrost8114@ACIT_Stack@@$$Q3UDefrost_Handle@1@A 00000018     <absolute>
 0000:00000018       ?Defrost8111@ACIT_Stack@@$$Q3UDefrost_Handle@1@A 00000018     <absolute>
 0000:00000018       ?Defrost_Escape@ACIT_Stack@@$$Q3PAEA 00000018     <absolute>
 0000:00000018       ?Defrost_RS_8_1_1_1@ACIT_Stack@@$$Q3PAFA 00000018     <absolute>
 0000:00000018       ?Defrost_Handle@ACIT_Stack@@$$Q3U01@A 00000018     <absolute>
 0000:00000019       ?Starting_Operation_Table@ACIT_Stack@@$$Q3PAEA 00000019     <absolute>
 0000:0000001c       ??_R1A@?0A@EA@type_info@@8 0000001c     <absolute>
 0000:0000001e       ?Common_Remote_Correction_Table@ACIT_Stack@@$$Q3PACA 0000001e     <absolute>
 0000:0000001e       ?Zone_Table_HS@ACIT_Stack@@$$Q3PACA 0000001e     <absolute>
 0000:0000001e       ?Zone_Table_Td@ACIT_Stack@@$$Q3PACA 0000001e     <absolute>
 0000:00000020       ?TargetTd_Coefficient_Table@ACIT_Stack@@$$Q3PAMA 00000020     <absolute>
 0000:00000020       ?EEV_OpenLevel_Coefficient_Table1@ACIT_Stack@@$$Q3PAMA 00000020     <absolute>
 0000:00000023       ?Zone_Table_Te@ACIT_Stack@@$$Q3PACA 00000023     <absolute>
 0000:00000028       ?Protocole@ACIT_Stack@@$$Q3U<unnamed-type-Protocole>@1@A 00000028     <absolute>
 0000:00000028       ?Zone_Table_CT@ACIT_Stack@@$$Q3PACA 00000028     <absolute>
 0000:00000028       ?AirCon@ACIT_Stack@@$$Q3U01@A 00000028     <absolute>
 0000:00000028       ?Zone_Table_Tc@ACIT_Stack@@$$Q3PACA 00000028     <absolute>
 0000:0000002a       ?Heating_Outdoor_TempCorFactor@ACIT_Stack@@$$Q3PACA 0000002a     <absolute>
 0000:0000002a       ?Heating_PControl_Table@ACIT_Stack@@$$Q3PACA 0000002a     <absolute>
 0000:0000002a       ?Cooling_PControl_Table@ACIT_Stack@@$$Q3PACA 0000002a     <absolute>
 0000:0000002a       ?Outdoor_Heating_TempLimit_Table@ACIT_Stack@@$$Q3PACA 0000002a     <absolute>
 0000:0000002a       ?Outdoor_Cooling_TempLimit_Table@ACIT_Stack@@$$Q3PACA 0000002a     <absolute>
 0000:0000002a       ?Cooling_Outdoor_TempCorFactor@ACIT_Stack@@$$Q3PACA 0000002a     <absolute>
 0000:00000030       ?Fan@ACIT_Stack@@$$Q3U01@A 00000030     <absolute>
 0000:00000032       ?Zone_Table_Dew@ACIT_Stack@@$$Q3PACA 00000032     <absolute>
 0000:00000038       ?Const_Defrost_Table@ACIT_Stack@@$$Q3PAIA 00000038     <absolute>
 0000:0000003c       ?Common_PI_Correction_Table@ACIT_Stack@@$$Q3PACA 0000003c     <absolute>
 0000:0000003c       ?Cooling_PI_Correction_Table@ACIT_Stack@@$$Q3PACA 0000003c     <absolute>
 0000:0000003c       ?Heating_PI_Correction_Table@ACIT_Stack@@$$Q3PACA 0000003c     <absolute>
 0000:00000040       ?USB_Out_Buffer@ACIT_Stack@@$$Q3PADA 00000040     <absolute>
 0000:00000040       ?USB_In_Buffer@ACIT_Stack@@$$Q3PADA 00000040     <absolute>
 0000:00000040       ?Motor@ACIT_Stack@@$$Q3U<unnamed-type-Motor>@1@A 00000040     <absolute>
 0000:00000050       ?MinMax_Pulses@ACIT_Stack@@$$Q3PAIA 00000050     <absolute>
 0000:00000051       ?Zone_Configuration_Table@ACIT_Stack@@$$Q3PAEA 00000051     <absolute>
 0000:00000064       ?ErrorTable@ACIT_Stack@@$$Q3PAEA 00000064     <absolute>
 0000:00000070       ?EEV@ACIT_Stack@@$$Q3U01@A 00000070     <absolute>
 0000:00000078       ?MemoryMap@ACIT_Stack@@$$Q3U<unnamed-type-MemoryMap>@1@A 00000078     <absolute>
 0000:0000007d       ?Table_Step2Frequency@ACIT_Stack@@$$Q3PAEA 0000007d     <absolute>
 0000:00000080       ?Defrost_TimeStep_Table@ACIT_Stack@@$$Q3PAIA 00000080     <absolute>
 0000:000000b8       ?Reliability@ACIT_Stack@@$$Q3U01@A 000000b8     <absolute>
 0000:00000100       ?FuzzyTable@ACIT_Stack@@$$Q3PACA 00000100     <absolute>
 0000:06000217       _abs                       06000217 f   <absolute>
 0000:06000217       ?abs@@$$J0YAHH@Z           06000217 f   <absolute>
 0000:06000218       _GetProcAddress@8          06000218 f   <absolute>
 0000:06000218       ?GetProcAddress@@$$J18YGP6GHXZPAUHINSTANCE__@@PBD@Z 06000218 f   <absolute>
 0000:06000219       _ReleaseActCtx@4           06000219 f   <absolute>
 0000:06000219       ?ReleaseActCtx@@$$J14YGXPAX@Z 06000219 f   <absolute>
 0000:0600021a       ?DeactivateActCtx@@$$J18YGHKK@Z 0600021a f   <absolute>
 0000:0600021a       _DeactivateActCtx@8        0600021a f   <absolute>
 0000:0600021b       _clock                     0600021b f   <absolute>
 0000:0600021b       ?clock@@$$J0YAJXZ          0600021b f   <absolute>
 0000:0600021c       _ActivateActCtx@8          0600021c f   <absolute>
 0000:0600021c       ?ActivateActCtx@@$$J18YGHPAXPAK@Z 0600021c f   <absolute>
 0000:0600021d       ?CreateActCtxW@@$$J14YGPAXPBUtagACTCTXW@@@Z 0600021d f   <absolute>
 0000:0600021d       _CreateActCtxW@4           0600021d f   <absolute>
 0000:0600021e       _GetModuleHandleW@4        0600021e f   <absolute>
 0000:0600021e       ?GetModuleHandleW@@$$J14YGPAUHINSTANCE__@@PB_W@Z 0600021e f   <absolute>
 0000:0600021f       ?ThrowModuleLoadException@<CrtImplementationDetails>@@$$FYAXP$AAVString@System@@P$AAVException@3@@Z 0600021f f   <absolute>
 0000:0600021f       ?ThrowModuleLoadException@<CrtImplementationDetails>@@YAXP$AAVString@System@@P$AAVException@3@@Z 0600021f f   <absolute>
 0000:06000220       ?ThrowModuleLoadException@<CrtImplementationDetails>@@YAXP$AAVString@System@@@Z 06000220 f   <absolute>
 0000:06000220       ?ThrowModuleLoadException@<CrtImplementationDetails>@@$$FYAXP$AAVString@System@@@Z 06000220 f   <absolute>
 0000:06000221       ?DoDllLanguageSupportValidation@<CrtImplementationDetails>@@$$FYAXXZ 06000221 f   <absolute>
 0000:06000221       ?DoDllLanguageSupportValidation@<CrtImplementationDetails>@@YAXXZ 06000221 f   <absolute>
 0000:06000222       ?ThrowNestedModuleLoadException@<CrtImplementationDetails>@@$$FYAXP$AAVException@System@@0@Z 06000222 f   <absolute>
 0000:06000222       ?ThrowNestedModuleLoadException@<CrtImplementationDetails>@@YAXP$AAVException@System@@0@Z 06000222 f   <absolute>
 0000:06000223       ?RegisterModuleUninitializer@<CrtImplementationDetails>@@$$FYAXP$AAVEventHandler@System@@@Z 06000223 f   <absolute>
 0000:06000223       ?RegisterModuleUninitializer@<CrtImplementationDetails>@@YAXP$AAVEventHandler@System@@@Z 06000223 f   <absolute>
 0000:06000224       ?__AdjustPointer@@$$J0YAPAXPAXABUPMD@@@Z 06000224 f   <absolute>
 0000:06000224       ___AdjustPointer           06000224 f   <absolute>
 0000:06000225       ?_inconsistency@@YAXXZ     06000225 f   <absolute>
 0000:06000225       ?_inconsistency@@$$FYAXXZ  06000225 f   <absolute>
 0000:06000226       __IsExceptionObjectToBeDestroyed 06000226 f   <absolute>
 0000:06000226       ?_IsExceptionObjectToBeDestroyed@@$$J0YAHPAX@Z 06000226 f   <absolute>
 0000:06000227       ?terminate@@YAXXZ          06000227 f   <absolute>
 0000:06000227       ?terminate@@$$FYAXXZ       06000227 f   <absolute>
 0000:06000228       ?_ValidateRead@@YAHPBXI@Z  06000228 f   <absolute>
 0000:06000228       ?_ValidateRead@@$$FYAHPBXI@Z 06000228 f   <absolute>
 0000:06000229       ?_getptd@@$$J0YAPAU_tiddata@@XZ 06000229 f   <absolute>
 0000:06000229       __getptd                   06000229 f   <absolute>
 0000:0600022a       ?_CreateFrameInfo@@$$J0YAPAUFrameInfo@@PAU1@PAX@Z 0600022a f   <absolute>
 0000:0600022a       __CreateFrameInfo          0600022a f   <absolute>
 0000:0600022b       ?strcmp@@$$J0YAHPBD0@Z     0600022b f   <absolute>
 0000:0600022b       _strcmp                    0600022b f   <absolute>
 0000:0600022c       ?_ValidateWrite@@$$FYAHPAXI@Z 0600022c f   <absolute>
 0000:0600022c       ?_ValidateWrite@@YAHPAXI@Z 0600022c f   <absolute>
 0000:0600022d       ?_FindAndUnlinkFrame@@$$J0YAXPAUFrameInfo@@@Z 0600022d f   <absolute>
 0000:0600022d       __FindAndUnlinkFrame       0600022d f   <absolute>
 0000:0600022e       ?_ValidateExecute@@$$FYAHP6GHXZ@Z 0600022e f   <absolute>
 0000:0600022e       ?_ValidateExecute@@YAHP6GHXZ@Z 0600022e f   <absolute>
 0000:0600022f       ?memmove@@$$J0YAPAXPAXPBXI@Z 0600022f f   <absolute>
 0000:0600022f       _memmove                   0600022f f   <absolute>
 0000:06000230       ___FrameUnwindFilter       06000230 f   <absolute>
 0000:06000230       ?__FrameUnwindFilter@@$$J0YAHPAU_EXCEPTION_POINTERS@@@Z 06000230 f   <absolute>
 0000:06000231       ?_encode_pointer@@$$J0YAPAXPAX@Z 06000231 f   <absolute>
 0000:06000231       __encode_pointer           06000231 f   <absolute>
 0000:06000232       __decode_pointer           06000232 f   <absolute>
 0000:06000232       ?_decode_pointer@@$$J0YAPAXPAX@Z 06000232 f   <absolute>
 0000:06000233       __encoded_null             06000233 f   <absolute>
 0000:06000233       ?_encoded_null@@$$J0YAPAXXZ 06000233 f   <absolute>
 0000:06000234       __CrtDbgReportW            06000234 f   <absolute>
 0000:06000234       ?_CrtDbgReportW@@$$J0YAHHPB_WH00ZZ 06000234 f   <absolute>
 0000:06000235       ??3@$$FYAXPAX@Z            06000235 f   <absolute>
 0000:06000235       ??3@YAXPAX@Z               06000235 f   <absolute>
 0000:06000236       _strcpy_s                  06000236 f   <absolute>
 0000:06000236       ?strcpy_s@@$$J0YAHPADIPBD@Z 06000236 f   <absolute>
 0000:06000237       __malloc_base              06000237 f   <absolute>
 0000:06000237       ?_malloc_base@@$$J0YAPAXI@Z 06000237 f   <absolute>
 0000:06000238       ?_free_base@@$$J0YAXPAX@Z  06000238 f   <absolute>
 0000:06000238       __free_base                06000238 f   <absolute>
 0000:06000239       ?__unDNameHelper@@$$J0YAPAXPADPBDHG@Z 06000239 f   <absolute>
 0000:06000239       ___unDNameHelper           06000239 f   <absolute>
 0000:0600023a       _strlen                    0600023a f   <absolute>
 0000:0600023a       ?strlen@@$$J0YAIPBD@Z      0600023a f   <absolute>
 0000:0600023b       __invoke_watson            0600023b f   <absolute>
 0000:0600023b       ?_invoke_watson@@$$J0YAXPB_W00II@Z 0600023b f   <absolute>
 0001:00000000       ??1Abt@EEV_Sim@@$$FA$AAM@XZ 00401000 f i Abt.obj
 0001:0000002c       ?linkLabel1_LinkClicked@Abt@EEV_Sim@@$$FA$AAMXP$AAVObject@System@@P$AAVLinkLabelLinkClickedEventArgs@Forms@Windows@4@@Z 0040102c f i Abt.obj
 0001:000000c0       ?<Dispose>@Abt@EEV_Sim@@$$FM$AAMX_N@Z 004010c0 f i Abt.obj
 0001:00000108       ?InitializeComponent@Abt@EEV_Sim@@$$FA$AAMXXZ 00401108 f i Abt.obj
 0001:0000040c       ??0Abt@EEV_Sim@@$$FQ$AAM@XZ 0040140c f i Abt.obj
 0001:0000044c       ??1CInfo@EEV_Sim@@$$FA$AAM@XZ 0040144c f i CInfo.obj
 0001:00000478       ?GetLocalIP@CInfo@EEV_Sim@@$$FA$AAMP$AAVString@System@@XZ 00401478 f i CInfo.obj
 0001:000004ec       ?parse@CInfo@EEV_Sim@@$$FQ$AAMXP$AAVString@System@@@Z 004014ec f i CInfo.obj
 0001:0000081c       ?textBox1_TextChanged@CInfo@EEV_Sim@@$$FA$AAMXP$AAVObject@System@@P$AAVEventArgs@4@@Z 0040181c f i CInfo.obj
 0001:0000082c       ?<Dispose>@CInfo@EEV_Sim@@$$FM$AAMX_N@Z 0040182c f i CInfo.obj
 0001:00000874       ?Computer_Info@CInfo@EEV_Sim@@$$FQ$AAMXXZ 00401874 f i CInfo.obj
 0001:00000bb4       ?CInfo_Load@CInfo@EEV_Sim@@$$FA$AAMXP$AAVObject@System@@P$AAVEventArgs@4@@Z 00401bb4 f i CInfo.obj
 0001:00000bc8       ?InitializeComponent@CInfo@EEV_Sim@@$$FA$AAMXXZ 00401bc8 f i CInfo.obj
 0001:00000d40       ??0CInfo@EEV_Sim@@$$FQ$AAM@XZ 00401d40 f i CInfo.obj
 0001:00000d80       ?GetMemoryData@ACIT_Stack@@$$FYMEPAE@Z 00401d80 f   EEV_Sim.obj
 0001:00000d94       ?MemoryMap_Update@ACIT_Stack@@$$FYMXXZ 00401d94 f   EEV_Sim.obj
 0001:0000103c       ?Update_Compiler_Info@ACIT_Stack@@$$FYMXXZ 0040203c f   EEV_Sim.obj
 0001:00001144       ?GetMinMax_Step@ACIT_Stack@@$$FYMEE@Z 00402144 f   EEV_Sim.obj
 0001:000011a8       ?Sort_Reliable_Array@ACIT_Stack@@$$FYMXXZ 004021a8 f   EEV_Sim.obj
 0001:000012c0       ?Determine_Oil_Supply@ACIT_Stack@@$$FYMXXZ 004022c0 f   EEV_Sim.obj
 0001:000013d8       ?Compressor_Stop@ACIT_Stack@@$$FYMXXZ 004023d8 f   EEV_Sim.obj
 0001:00001418       ?GetFrequency_From_StepFrequencyTable@ACIT_Stack@@$$FYMEE@Z 00402418 f   EEV_Sim.obj
 0001:00001440       ?Calculate_Start_Step@ACIT_Stack@@$$FYMXXZ 00402440 f   EEV_Sim.obj
 0001:00001598       ?GetRemoteData@ACIT_Stack@@$$FYMCPAC@Z 00402598 f   EEV_Sim.obj
 0001:00001610       ?Find_PI_CompensationStep@ACIT_Stack@@$$FYMXXZ 00402610 f   EEV_Sim.obj
 0001:0000173c       ?Determine_Limits@ACIT_Stack@@$$FYMXPAUReliability_Ram@1@PACPAEEE@Z 0040273c f   EEV_Sim.obj
 0001:0000187c       ?Determine_Hysteresiz@ACIT_Stack@@$$FYMXPAUReliability_Ram@1@PACPAEEE@Z 0040287c f   EEV_Sim.obj
 0001:00001940       ?Determine_Zone_Time@ACIT_Stack@@$$FYMXPAUReliability_Ram@1@PACPAEEFE@Z 00402940 f   EEV_Sim.obj
 0001:00001a98       ?Determine_New_Step@ACIT_Stack@@$$FYMXPAUReliability_Ram@1@E@Z 00402a98 f   EEV_Sim.obj
 0001:00001b60       ?Evaporator_Freezing_Prevention_Limit@ACIT_Stack@@$$FYMXE@Z 00402b60 f   EEV_Sim.obj
 0001:00001be0       ?Dewing_Decision@ACIT_Stack@@$$FYMEPAC@Z 00402be0 f   EEV_Sim.obj
 0001:00001cc4       ?Dewing_Preventation_Limit@ACIT_Stack@@$$FYMXE@Z 00402cc4 f   EEV_Sim.obj
 0001:00001d40       ?High_Pressure_Condenser_Rising_Prevention_Limit@ACIT_Stack@@$$FYMXE@Z 00402d40 f   EEV_Sim.obj
 0001:00001da8       ?Compressor_DischargeTemp_Overheating_Limit@ACIT_Stack@@$$FYMXE@Z 00402da8 f   EEV_Sim.obj
 0001:00001dfc       ?CT_Rising_Preventation_Limit@ACIT_Stack@@$$FYMXE@Z 00402dfc f   EEV_Sim.obj
 0001:00001e0c       ?Heat_Sink_Overheating_Prevention_Limit@ACIT_Stack@@$$FYMXE@Z 00402e0c f   EEV_Sim.obj
 0001:00001e1c       ?Outdoor_Temperature_Limit@ACIT_Stack@@$$FYMXE@Z 00402e1c f   EEV_Sim.obj
 0001:00001eb0       ?Suction_Overheating_Level_Rising_Prevention_Limit@ACIT_Stack@@$$FYMXE@Z 00402eb0 f   EEV_Sim.obj
 0001:00001ec0       ?Input_Voltage_Limit@ACIT_Stack@@$$FYMXXZ 00402ec0 f   EEV_Sim.obj
 0001:00002008       ?Sleeping_Operation_Limit@ACIT_Stack@@$$FYMXE@Z 00403008 f   EEV_Sim.obj
 0001:000020a4       ?Dehumidifying_Operation_Limit@ACIT_Stack@@$$FYMXE@Z 004030a4 f   EEV_Sim.obj
 0001:000020b4       ?Suction_Pipe_Freez_Prevention_Limit@ACIT_Stack@@$$FYMXE@Z 004030b4 f   EEV_Sim.obj
 0001:000020c4       ?Economical_Cooling_Limit@ACIT_Stack@@$$FYMXE@Z 004030c4 f   EEV_Sim.obj
 0001:000020d4       ?Non_Dehumidifying_Limit@ACIT_Stack@@$$FYMXE@Z 004030d4 f   EEV_Sim.obj
 0001:000020e4       ?Reliability_Start@ACIT_Stack@@$$FYMXXZ 004030e4 f   EEV_Sim.obj
 0001:00002124       ?MinStep_Sub@ACIT_Stack@@$$FYMFPAFE@Z 00403124 f   EEV_Sim.obj
 0001:00002158       ?MinStep_Align@ACIT_Stack@@$$FYMXE@Z 00403158 f   EEV_Sim.obj
 0001:00002188       ?MinStep_Defrost@ACIT_Stack@@$$FYMXE@Z 00403188 f   EEV_Sim.obj
 0001:000021d4       ?Calculate_Current_Min@ACIT_Stack@@$$FYMXXZ 004031d4 f   EEV_Sim.obj
 0001:00002284       ?MaxStep_Align@ACIT_Stack@@$$FYMXXZ 00403284 f   EEV_Sim.obj
 0001:000022b0       ?MaxStep_Defrost@ACIT_Stack@@$$FYMXXZ 004032b0 f   EEV_Sim.obj
 0001:000022f4       ?MinStep_OutLow@ACIT_Stack@@$$FYMXE@Z 004032f4 f   EEV_Sim.obj
 0001:000023e0       ?MinStep_Subswert@ACIT_Stack@@$$FYMFPAFF@Z 004033e0 f   EEV_Sim.obj
 0001:00002410       ?MinStep_Condenser@ACIT_Stack@@$$FYMXE@Z 00403410 f   EEV_Sim.obj
 0001:000024b0       ?Reliability_Check@ACIT_Stack@@$$FYMXXZ 004034b0 f   EEV_Sim.obj
 0001:000025ac       ?Preheat_Operation@ACIT_Stack@@$$FYMXXZ 004035ac f   EEV_Sim.obj
 0001:000025bc       ?Cop_Operation@ACIT_Stack@@$$FYMXXZ 004035bc f   EEV_Sim.obj
 0001:000025cc       ?Check_Input_Voltage_Limits4_COP@ACIT_Stack@@$$FYMIXZ 004035cc f   EEV_Sim.obj
 0001:000025dc       ?Reset_For_Standbye@ACIT_Stack@@$$FYMXXZ 004035dc f   EEV_Sim.obj
 0001:000025fc       ?Indoor_Stop_Command@ACIT_Stack@@$$FYMXXZ 004035fc f   EEV_Sim.obj
 0001:00002634       ?SubCheckIndoor@ACIT_Stack@@$$FYMXXZ 00403634 f   EEV_Sim.obj
 0001:00002720       ?Check_Indoor_Commands@ACIT_Stack@@$$FYMXXZ 00403720 f   EEV_Sim.obj
 0001:000027d4       ?Mode_Handle@ACIT_Stack@@$$FYMXXZ 004037d4 f   EEV_Sim.obj
 0001:000028b8       ?Check_Cycle_SeerSwitch@ACIT_Stack@@$$FYMXXZ 004038b8 f   EEV_Sim.obj
 0001:000028c8       ?Thermal_Cut_Disable@ACIT_Stack@@$$FYMXXZ 004038c8 f   EEV_Sim.obj
 0001:00002920       ?Defrost_Start@ACIT_Stack@@$$FYMXXZ 00403920 f   EEV_Sim.obj
 0001:000029b0       ?ACIT_Main_Initialize@ACIT_Stack@@$$FYMXXZ 004039b0 f   EEV_Sim.obj
 0001:00002aa0       ?Cycle_Timers@ACIT_Stack@@$$FYMXXZ 00403aa0 f   EEV_Sim.obj
 0001:00002d70       ?Indoor_Comand_Execute@ACIT_Stack@@$$FYMXXZ 00403d70 f   EEV_Sim.obj
 0001:00002e64       ?Defrost_AverageTemp_Conversion@ACIT_Stack@@$$FYMXXZ 00403e64 f   EEV_Sim.obj
 0001:00003308       ?Clear_Def_Decision_Datas@ACIT_Stack@@$$FYMXXZ 00404308 f   EEV_Sim.obj
 0001:00003360       ?Defrost_RS_8_1_1_1_TemperatureCheck@ACIT_Stack@@$$FYMXPAUDefrost_Handle@1@PAF@Z 00404360 f   EEV_Sim.obj
 0001:000033e4       ?Defrost_RS_8_1_1_2_TemperatureCheck@ACIT_Stack@@$$FYMXPAUDefrost_Handle@1@PAF@Z 004043e4 f   EEV_Sim.obj
 0001:000034fc       ?Defrost_RS_8_1_1_3_TemperatureCheck@ACIT_Stack@@$$FYMXPAUDefrost_Handle@1@PAFF@Z 004044fc f   EEV_Sim.obj
 0001:00003540       ?Defrost_RS_8_1_1_4_TemperatureCheck@ACIT_Stack@@$$FYMXPAUDefrost_Handle@1@PAF@Z 00404540 f   EEV_Sim.obj
 0001:000035d4       ?Defrost_RS_8_1_1_5_Func@ACIT_Stack@@$$FYMXXZ 004045d4 f   EEV_Sim.obj
 0001:000035e4       ?Defrost_Final_Check@ACIT_Stack@@$$FYMXPAUDefrost_Handle@1@E@Z 004045e4 f   EEV_Sim.obj
 0001:00003694       ?Defrost_Decision@ACIT_Stack@@$$FYMXXZ 00404694 f   EEV_Sim.obj
 0001:0000379c       ?SeerDefrost_Decision@ACIT_Stack@@$$FYMXXZ 0040479c f   EEV_Sim.obj
 0001:00003828       ?Preheat_Decision@ACIT_Stack@@$$FYMXXZ 00404828 f   EEV_Sim.obj
 0001:00003838       ?Cop_Decision@ACIT_Stack@@$$FYMXXZ 00404838 f   EEV_Sim.obj
 0001:00003848       ?Prepare_Defrost_EscapeTimers@ACIT_Stack@@$$FYMXXZ 00404848 f   EEV_Sim.obj
 0001:00003878       ?Finalize_Defrost_Comp_Operation@ACIT_Stack@@$$FYMXXZ 00404878 f   EEV_Sim.obj
 0001:000038c0       ?CompStep_Defrost_Update@ACIT_Stack@@$$FYMXE@Z 004048c0 f   EEV_Sim.obj
 0001:0000391c       ?EEVPulse_Defrost_Update@ACIT_Stack@@$$FYMXE@Z 0040491c f   EEV_Sim.obj
 0001:0000392c       ?Defrost_Operation_Handle@ACIT_Stack@@$$FYMXXZ 0040492c f   EEV_Sim.obj
 0001:00003a98       ?Def_Escape_RemainAdd@ACIT_Stack@@$$FYMXXZ 00404a98 f   EEV_Sim.obj
 0001:00003b00       ?Defrost_SensorEscape_Time_Handle@ACIT_Stack@@$$FYMXXZ 00404b00 f   EEV_Sim.obj
 0001:00003bc4       ?Defrost_GetFinalCompres_Step@ACIT_Stack@@$$FYMXE@Z 00404bc4 f   EEV_Sim.obj
 0001:00003bd4       ?Defrost_GetFinalCompres_SeerFrequency@ACIT_Stack@@$$FYMXI@Z 00404bd4 f   EEV_Sim.obj
 0001:00003bfc       ?Defrost_Escape_Detection@ACIT_Stack@@$$FYMXXZ 00404bfc f   EEV_Sim.obj
 0001:00003c0c       ?Determine_SuperHeat_Temperature_Compensation@ACIT_Stack@@$$FYMXXZ 00404c0c f   EEV_Sim.obj
 0001:00003c1c       ?Dewing_Compensation_Stable@ACIT_Stack@@$$FYMCE@Z 00404c1c f   EEV_Sim.obj
 0001:00003cd8       ?Dewing_Compensation_Start@ACIT_Stack@@$$FYMCE@Z 00404cd8 f   EEV_Sim.obj
 0001:00003d94       ?Compressor_High_F_Compensation@ACIT_Stack@@$$FYMCEE@Z 00404d94 f   EEV_Sim.obj
 0001:00003dd0       ?Sleeping_Compensation@ACIT_Stack@@$$FYMCEE@Z 00404dd0 f   EEV_Sim.obj
 0001:00003e08       ?OutdoorFan_Strong_Wind_Compensation@ACIT_Stack@@$$FYMCEE@Z 00404e08 f   EEV_Sim.obj
 0001:00003e30       ?IndoorFan_Weak_Wind_Compensation@ACIT_Stack@@$$FYMCEE@Z 00404e30 f   EEV_Sim.obj
 0001:00003e58       ?Hot_Start_Compensation@ACIT_Stack@@$$FYMCE@Z 00404e58 f   EEV_Sim.obj
 0001:00003eb4       ?Cooling_Low_Compensation@ACIT_Stack@@$$FYMCE@Z 00404eb4 f   EEV_Sim.obj
 0001:00003ef8       ?Heating_Low_Compensation@ACIT_Stack@@$$FYMCE@Z 00404ef8 f   EEV_Sim.obj
 0001:00003f3c       ?Heating_High_Compensation@ACIT_Stack@@$$FYMCE@Z 00404f3c f   EEV_Sim.obj
 0001:00003fa0       ?Suction_Freezing_Prevention_Limit@ACIT_Stack@@$$FYMCE@Z 00404fa0 f   EEV_Sim.obj
 0001:00003fb4       ?GetMinMax_Pulse@ACIT_Stack@@$$FYMII@Z 00404fb4 f   EEV_Sim.obj
 0001:0000401c       ?GetEev_Cycle_Time@ACIT_Stack@@$$FYMXEI@Z 0040501c f   EEV_Sim.obj
 0001:00004138       ?Calculate_SuperHeat_Initial_Td@ACIT_Stack@@$$FYMXXZ 00405138 f   EEV_Sim.obj
 0001:000042c8       ?Determine_SuperHeat_Basic_Td@ACIT_Stack@@$$FYMXXZ 004052c8 f   EEV_Sim.obj
 0001:00004328       ?Determine_SuperHeat_Final_Td@ACIT_Stack@@$$FYMXXZ 00405328 f   EEV_Sim.obj
 0001:00004444       ?Calculate_EEV_Steady_Initial@ACIT_Stack@@$$FYMXXZ 00405444 f   EEV_Sim.obj
 0001:000044f4       ?Get_Outdoor_Compensated_Add_Pulse@ACIT_Stack@@$$FYMXXZ 004054f4 f   EEV_Sim.obj
 0001:00004564       ?Determine_EEV_Steady_Final@ACIT_Stack@@$$FYMXXZ 00405564 f   EEV_Sim.obj
 0001:000046d8       ?EEV_Emergency_Open@ACIT_Stack@@$$FYMXXZ 004056d8 f   EEV_Sim.obj
 0001:000046e8       ?EEV_Stop@ACIT_Stack@@$$FYMXXZ 004056e8 f   EEV_Sim.obj
 0001:00004714       ?EEV_Fixed@ACIT_Stack@@$$FYMXXZ 00405714 f   EEV_Sim.obj
 0001:00004734       ?Relay_Handle@ACIT_Stack@@$$FYMXXZ 00405734 f   EEV_Sim.obj
 0001:000047d0       ?Fan_Tc_Decision@ACIT_Stack@@$$FYMXXZ 004057d0 f   EEV_Sim.obj
 0001:00004820       ?Fan_Tc_Compensation@ACIT_Stack@@$$FYMCXZ 00405820 f   EEV_Sim.obj
 0001:000048c4       ?Fan_HeatSink_Compensation@ACIT_Stack@@$$FYMXXZ 004058c4 f   EEV_Sim.obj
 0001:00004914       ?Fan_OutMidpipe2_Compensation@ACIT_Stack@@$$FYMCXZ 00405914 f   EEV_Sim.obj
 0001:00004988       ?Fan_OutAir_Compensation@ACIT_Stack@@$$FYMCXZ 00405988 f   EEV_Sim.obj
 0001:000049f4       ?Fan_Temperror_Compensation@ACIT_Stack@@$$FYMCXZ 004059f4 f   EEV_Sim.obj
 0001:00004a90       ?Fan_Td_Compensation@ACIT_Stack@@$$FYMXXZ 00405a90 f   EEV_Sim.obj
 0001:00004b8c       ?Fan_OutMidpipe1_Compensation@ACIT_Stack@@$$FYMCXZ 00405b8c f   EEV_Sim.obj
 0001:00004c80       ?Fan_PowerHeat_Compensation@ACIT_Stack@@$$FYMCXZ 00405c80 f   EEV_Sim.obj
 0001:00004ca0       ?Fan_Total_Compensation_Check@ACIT_Stack@@$$FYMXXZ 00405ca0 f   EEV_Sim.obj
 0001:00004d28       ?Determine_Initial_Frequency@ACIT_Stack@@$$FYMXXZ 00405d28 f   EEV_Sim.obj
 0001:00004e1c       ?Determine_FinalCycle_Frequency@ACIT_Stack@@$$FYMXXZ 00405e1c f   EEV_Sim.obj
 0001:00004ec4       ?Sense_Remote_Change@ACIT_Stack@@$$FYMCXZ 00405ec4 f   EEV_Sim.obj
 0001:00004fa8       ?Decision_Handle@ACIT_Stack@@$$FYMXXZ 00405fa8 f   EEV_Sim.obj
 0001:00004ff8       ?Thermal_Cut_Check@ACIT_Stack@@$$FYMXXZ 00405ff8 f   EEV_Sim.obj
 0001:00005100       ?ACIT_Interrupt_Time@ACIT_Stack@@$$FYMXXZ 00406100 f   EEV_Sim.obj
 0001:00005374       ?EEV_InitCompensation_Check@ACIT_Stack@@$$FYMXXZ 00406374 f   EEV_Sim.obj
 0001:00005444       ?SuperHeat_Compensation_Check@ACIT_Stack@@$$FYMXXZ 00406444 f   EEV_Sim.obj
 0001:00005540       ?Calculate_EEV_Start_Initial@ACIT_Stack@@$$FYMXXZ 00406540 f   EEV_Sim.obj
 0001:00005734       ?EEV_PowerUp@ACIT_Stack@@$$FYMEXZ 00406734 f   EEV_Sim.obj
 0001:000057b8       ?Fan_Cycle@ACIT_Stack@@$$FYMXXZ 004067b8 f   EEV_Sim.obj
 0001:00005960       ?Fan_Handle@ACIT_Stack@@$$FYMXXZ 00406960 f   EEV_Sim.obj
 0001:000059cc       ?Compressor_Cycle@ACIT_Stack@@$$FYMXXZ 004069cc f   EEV_Sim.obj
 0001:00005cc0       ?Determine_Basic_TargetStep@ACIT_Stack@@$$FYMXXZ 00406cc0 f   EEV_Sim.obj
 0001:00005ee8       ?EEV_Cycle@ACIT_Stack@@$$FYMXXZ 00406ee8 f   EEV_Sim.obj
 0001:00006118       ?EEV_Handle@ACIT_Stack@@$$FYMXXZ 00407118 f   EEV_Sim.obj
 0001:00006228       ?Compressor_Handle@ACIT_Stack@@$$FYMXXZ 00407228 f   EEV_Sim.obj
 0001:000062d0       ?ACIT_Main_Loop@ACIT_Stack@@$$FYMXXZ 004072d0 f   EEV_Sim.obj
 0001:0000630c       ?main@@$$HYMHP$01AP$AAVString@System@@@Z 0040730c f   EEV_Sim.obj
 0001:0000636c       ??1FileErr@EEV_Sim@@$$FA$AAM@XZ 0040736c f i EEV_Sim.obj
 0001:00006398       ?linkLabel1_LinkClicked@FileErr@EEV_Sim@@$$FA$AAMXP$AAVObject@System@@P$AAVLinkLabelLinkClickedEventArgs@Forms@Windows@4@@Z 00407398 f i EEV_Sim.obj
 0001:0000640c       ?<Dispose>@FileErr@EEV_Sim@@$$FM$AAMX_N@Z 0040740c f i EEV_Sim.obj
 0001:00006454       ??1EndApp@EEV_Sim@@$$FA$AAM@XZ 00407454 f i EEV_Sim.obj
 0001:00006480       ?button1_Click@EndApp@EEV_Sim@@$$FA$AAMXP$AAVObject@System@@P$AAVEventArgs@4@@Z 00407480 f i EEV_Sim.obj
 0001:00006494       ?button2_Click@EndApp@EEV_Sim@@$$FA$AAMXP$AAVObject@System@@P$AAVEventArgs@4@@Z 00407494 f i EEV_Sim.obj
 0001:000064a8       ?<Dispose>@EndApp@EEV_Sim@@$$FM$AAMX_N@Z 004074a8 f i EEV_Sim.obj
 0001:000064f0       ??1Strt@EEV_Sim@@$$FA$AAM@XZ 004074f0 f i EEV_Sim.obj
 0001:0000651c       ?timer1_Tick@Strt@EEV_Sim@@$$FA$AAMXP$AAVObject@System@@P$AAVEventArgs@4@@Z 0040751c f i EEV_Sim.obj
 0001:00006544       ?<Dispose>@Strt@EEV_Sim@@$$FM$AAMX_N@Z 00407544 f i EEV_Sim.obj
 0001:0000658c       ?.cctor@Strt@EEV_Sim@@$$FSMXXZ 0040758c f i EEV_Sim.obj
 0001:0000659c       ??1Info@EEV_Sim@@$$FA$AAM@XZ 0040759c f i EEV_Sim.obj
 0001:000065c8       ?listBox1_SelectedIndexChanged@Info@EEV_Sim@@$$FA$AAMXP$AAVObject@System@@P$AAVEventArgs@4@@Z 004075c8 f i EEV_Sim.obj
 0001:00006708       ?InitForm@Info@EEV_Sim@@$$FA$AAMXXZ 00407708 f i EEV_Sim.obj
 0001:00006828       ?Info_Load@Info@EEV_Sim@@$$FA$AAMXP$AAVObject@System@@P$AAVEventArgs@4@@Z 00407828 f i EEV_Sim.obj
 0001:000068bc       ?<Dispose>@Info@EEV_Sim@@$$FM$AAMX_N@Z 004078bc f i EEV_Sim.obj
 0001:00006904       ??1USB@EEV_Sim@@$$FA$AAM@XZ 00407904 f i EEV_Sim.obj
 0001:00006930       ?UpdateCOMPortList@USB@EEV_Sim@@$$FA$AAMXXZ 00407930 f i EEV_Sim.obj
 0001:000069d4       ?btnClose_Click@USB@EEV_Sim@@$$FA$AAMXP$AAVObject@System@@P$AAVEventArgs@4@@Z 004079d4 f i EEV_Sim.obj
 0001:00006ac8       ?SetText@USB@EEV_Sim@@$$FA$AAMXP$AAVString@System@@@Z 00407ac8 f i EEV_Sim.obj
 0001:00006b14       ?timer1_Tick@USB@EEV_Sim@@$$FA$AAMXP$AAVObject@System@@P$AAVEventArgs@4@@Z 00407b14 f i EEV_Sim.obj
 0001:00006b28       ?lstCOMPorts_SelectedIndexChanged@USB@EEV_Sim@@$$FA$AAMXP$AAVObject@System@@P$AAVEventArgs@4@@Z 00407b28 f i EEV_Sim.obj
 0001:00006b38       ?<Dispose>@USB@EEV_Sim@@$$FM$AAMX_N@Z 00407b38 f i EEV_Sim.obj
 0001:00006b80       ?.cctor@USB@EEV_Sim@@$$FSMXXZ 00407b80 f i EEV_Sim.obj
 0001:00006b94       ??1Form1@EEV_Sim@@$$FA$AAM@XZ 00407b94 f i EEV_Sim.obj
 0001:00006bc0       ?Animation_EEV@Form1@EEV_Sim@@$$FQ$AAMP$AAVString@System@@XZ 00407bc0 f i EEV_Sim.obj
 0001:00006c5c       ?Animation_General@Form1@EEV_Sim@@$$FQ$AAMXXZ 00407c5c f i EEV_Sim.obj
 0001:00006d00       ?Animation_Refrigant@Form1@EEV_Sim@@$$FQ$AAMXXZ 00407d00 f i EEV_Sim.obj
 0001:00007014       ?button_OnOff_Click@Form1@EEV_Sim@@$$FA$AAMXP$AAVObject@System@@P$AAVEventArgs@4@@Z 00408014 f i EEV_Sim.obj
 0001:00007040       ?GUI_Write_Model@Form1@EEV_Sim@@$$FQ$AAMXXZ 00408040 f i EEV_Sim.obj
 0001:000070d4       ?MemoryShow_Update@Form1@EEV_Sim@@$$FQ$AAMXXZ 004080d4 f i EEV_Sim.obj
 0001:00007278       ?PanelColour_State@Form1@EEV_Sim@@$$FQ$AAM?AVColor@Drawing@System@@XZ 00408278 f i EEV_Sim.obj
 0001:00007340       ?Panel_Form1_Colour_Update@Form1@EEV_Sim@@$$FQ$AAMXXZ 00408340 f i EEV_Sim.obj
 0001:000074a8       ?Picture_Anim_Show@Form1@EEV_Sim@@$$FA$AAMXXZ 004084a8 f i EEV_Sim.obj
 0001:000075e4       ?Picture_Show@Form1@EEV_Sim@@$$FA$AAMXXZ 004085e4 f i EEV_Sim.obj
 0001:00007704       ?Panel_AC_Picture_Vertical@Form1@EEV_Sim@@$$FQ$AAMXXZ 00408704 f i EEV_Sim.obj
 0001:00007754       ?Panel_MotorAnim@Form1@EEV_Sim@@$$FQ$AAMXXZ 00408754 f i EEV_Sim.obj
 0001:000077a8       ?Panel_Compressor_Selecting_ShowAll@Form1@EEV_Sim@@$$FQ$AAMXXZ 004087a8 f i EEV_Sim.obj
 0001:000078e8       ?Panel_Compressor_Selecting01@Form1@EEV_Sim@@$$FQ$AAMXXZ 004088e8 f i EEV_Sim.obj
 0001:00007bd4       ?Reliability_Match_Line@Form1@EEV_Sim@@$$FQ$AAMEG@Z 00408bd4 f i EEV_Sim.obj
 0001:00007c20       ?Reliability_MultilineShow@Form1@EEV_Sim@@$$FQ$AAMP$AAVString@System@@PAUReliability_Ram@ACIT_Stack@@_NE@Z 00408c20 f i EEV_Sim.obj
 0001:00007e18       ?Reliability_HystShow@Form1@EEV_Sim@@$$FQ$AAMP$AAVString@System@@PAUReliability_Ram@ACIT_Stack@@_NE@Z 00408e18 f i EEV_Sim.obj
 0001:00007eec       ?Reliab_Func_Comp_CorrctionFactor@Form1@EEV_Sim@@$$FQ$AAMP$AAVString@System@@PAC@Z 00408eec f i EEV_Sim.obj
 0001:00007f48       ?GUI_Mode_Info_Update@Form1@EEV_Sim@@$$FQ$AAMXXZ 00408f48 f i EEV_Sim.obj
 0001:0000841c       ?EEV_GetSignA@Form1@EEV_Sim@@$$FQ$AAMP$AAVString@System@@PAC@Z 0040941c f i EEV_Sim.obj
 0001:0000844c       ?EEVGetSignB@Form1@EEV_Sim@@$$FQ$AAMP$AAVString@System@@PAF@Z 0040944c f i EEV_Sim.obj
 0001:0000847c       ?Defrost_Show_Multiline_Tables@Form1@EEV_Sim@@$$FA$AAMP$AAVString@System@@PAFEEC@Z 0040947c f i EEV_Sim.obj
 0001:00008504       ?Defrost_Show_Multiline_ExceptionTables@Form1@EEV_Sim@@$$FA$AAMP$AAVString@System@@PAFEEC@Z 00409504 f i EEV_Sim.obj
 0001:00008738       ?Show_ShortSigned_Numbers@Form1@EEV_Sim@@$$FA$AAMP$AAVString@System@@F@Z 00409738 f i EEV_Sim.obj
 0001:00008790       ?Form_ThermalCut_Update@Form1@EEV_Sim@@$$FA$AAMXXZ 00409790 f i EEV_Sim.obj
 0001:00008920       ?Defrost_Show_Multiline_Times@Form1@EEV_Sim@@$$FA$AAMP$AAVString@System@@PAUDefrost_Handle@ACIT_Stack@@@Z 00409920 f i EEV_Sim.obj
 0001:000089b4       ?Defrost_Show_Multiline_Matchs@Form1@EEV_Sim@@$$FA$AAMP$AAVString@System@@PAUDefrost_Handle@ACIT_Stack@@@Z 004099b4 f i EEV_Sim.obj
 0001:00008aa0       ?Show_Temperature@Form1@EEV_Sim@@$$FA$AAMP$AAVString@System@@F@Z 00409aa0 f i EEV_Sim.obj
 0001:00008b04       ?Log_Print_Temperature@Form1@EEV_Sim@@$$FA$AAMP$AAVString@System@@F@Z 00409b04 f i EEV_Sim.obj
 0001:00008b58       ?GetDateTime@Form1@EEV_Sim@@$$FQ$AAMP$AAVString@System@@XZ 00409b58 f i EEV_Sim.obj
 0001:00008c3c       ?LOG_PrepareData_2WriteFile_01@Form1@EEV_Sim@@$$FQ$AAMP$AAVString@System@@XZ 00409c3c f i EEV_Sim.obj
 0001:00008eb0       ?saveToolStripMenuItem_Click@Form1@EEV_Sim@@$$FA$AAMXP$AAVObject@System@@P$AAVEventArgs@4@@Z 00409eb0 f i EEV_Sim.obj
 0001:00008fb0       ?LOG_LogStatusUpdate@Form1@EEV_Sim@@$$FQ$AAMXXZ 00409fb0 f i EEV_Sim.obj
 0001:00009064       ?GetTime@Form1@EEV_Sim@@$$FQ$AAMP$AAVString@System@@XZ 0040a064 f i EEV_Sim.obj
 0001:00009160       ?trackBar_Chart_Scroll@Form1@EEV_Sim@@$$FA$AAMXP$AAVObject@System@@P$AAVEventArgs@4@@Z 0040a160 f i EEV_Sim.obj
 0001:000091d4       ?Chart_Snap_Plot@Form1@EEV_Sim@@$$FQ$AAMXXZ 0040a1d4 f i EEV_Sim.obj
 0001:00009cd0       ?Chart_Components@Form1@EEV_Sim@@$$FQ$AAMXXZ 0040acd0 f i EEV_Sim.obj
 0001:0000a060       ?Chart_Enable@Form1@EEV_Sim@@$$FQ$AAM_NXZ 0040b060 f i EEV_Sim.obj
 0001:0000a124       ?LOG_ReadStream@Form1@EEV_Sim@@$$FQ$AAMP$AAVString@System@@P$AAVStreamReader@IO@4@P$AAV34@@Z 0040b124 f i EEV_Sim.obj
 0001:0000a17c       ?exitToolStripMenuItem_Click@Form1@EEV_Sim@@$$FA$AAMXP$AAVObject@System@@P$AAVEventArgs@4@@Z 0040b17c f i EEV_Sim.obj
 0001:0000a1a0       ?LOG_GetPath@Form1@EEV_Sim@@$$FQ$AAMP$AAVString@System@@QAD@Z 0040b1a0 f i EEV_Sim.obj
 0001:0000a1b8       ?LOG_WriteStream@Form1@EEV_Sim@@$$FQ$AAMP$AAVString@System@@P$AAVStreamWriter@IO@4@P$AAV34@1@Z 0040b1b8 f i EEV_Sim.obj
 0001:0000a3d0       ?LOG_DeleteStreamWriter@Form1@EEV_Sim@@$$FQ$AAMP$AAVString@System@@P$AAVStreamWriter@IO@4@@Z 0040b3d0 f i EEV_Sim.obj
 0001:0000a438       ?LOG_DeleteStreamReader@Form1@EEV_Sim@@$$FQ$AAMP$AAVString@System@@P$AAVStreamReader@IO@4@@Z 0040b438 f i EEV_Sim.obj
 0001:0000a498       ?button_RemoCon_Mode_Click@Form1@EEV_Sim@@$$FA$AAMXP$AAVObject@System@@P$AAVEventArgs@4@@Z 0040b498 f i EEV_Sim.obj
 0001:0000a4e8       ?GUI_RemoCon_Boxes_Updates@Form1@EEV_Sim@@$$FQ$AAMXXZ 0040b4e8 f i EEV_Sim.obj
 0001:0000a5bc       ?button_RemoCon_TempUp_Click@Form1@EEV_Sim@@$$FA$AAMXP$AAVObject@System@@P$AAVEventArgs@4@@Z 0040b5bc f i EEV_Sim.obj
 0001:0000a628       ?button_RemoCon_TempDown_Click@Form1@EEV_Sim@@$$FA$AAMXP$AAVObject@System@@P$AAVEventArgs@4@@Z 0040b628 f i EEV_Sim.obj
 0001:0000a694       ?Load_Reliability_GUI_Default_Values@Form1@EEV_Sim@@$$FQ$AAMXXZ 0040b694 f i EEV_Sim.obj
 0001:0000a978       ?Load_Reverse_Reliability_Checkbox_Change_Values@Form1@EEV_Sim@@$$FQ$AAMXXZ 0040b978 f i EEV_Sim.obj
 0001:0000ad00       ?GUI_Play_Update@Form1@EEV_Sim@@$$FQ$AAMXXZ 0040bd00 f i EEV_Sim.obj
 0001:0000ad60       ?GUI_Sleep_Update@Form1@EEV_Sim@@$$FQ$AAMXXZ 0040bd60 f i EEV_Sim.obj
 0001:0000ad9c       ?comboBox_Script_01_SelectedIndexChanged@Form1@EEV_Sim@@$$FA$AAMXP$AAVObject@System@@P$AAVEventArgs@4@@Z 0040bd9c f i EEV_Sim.obj
 0001:0000adac       ?Form_Script_Update@Form1@EEV_Sim@@$$FQ$AAMXXZ 0040bdac f i EEV_Sim.obj
 0001:0000b004       ?Script_Process_Stop@Form1@EEV_Sim@@$$FQ$AAMXXZ 0040c004 f i EEV_Sim.obj
 0001:0000b0c8       ?Script_Update_Temperatures@Form1@EEV_Sim@@$$FQ$AAMXXZ 0040c0c8 f i EEV_Sim.obj
 0001:0000b8b4       ?GUI_Update_Temperatures@Form1@EEV_Sim@@$$FQ$AAMXXZ 0040c8b4 f i EEV_Sim.obj
 0001:0000bab0       ?button_Script1_Click@Form1@EEV_Sim@@$$FA$AAMXP$AAVObject@System@@P$AAVEventArgs@4@@Z 0040cab0 f i EEV_Sim.obj
 0001:0000c160       ?button_Script2_Click@Form1@EEV_Sim@@$$FA$AAMXP$AAVObject@System@@P$AAVEventArgs@4@@Z 0040d160 f i EEV_Sim.obj
 0001:0000c1c4       ?button_Script3_Click@Form1@EEV_Sim@@$$FA$AAMXP$AAVObject@System@@P$AAVEventArgs@4@@Z 0040d1c4 f i EEV_Sim.obj
 0001:0000c54c       ?button_SlideShow_Click@Form1@EEV_Sim@@$$FA$AAMXP$AAVObject@System@@P$AAVEventArgs@4@@Z 0040d54c f i EEV_Sim.obj
 0001:0000c574       ?mollierPHToolStripMenuItem_Click@Form1@EEV_Sim@@$$FA$AAMXP$AAVObject@System@@P$AAVEventArgs@4@@Z 0040d574 f i EEV_Sim.obj
 0001:0000c584       ?Chart_Mollier@Form1@EEV_Sim@@$$FQ$AAMXXZ 0040d584 f i EEV_Sim.obj
 0001:0000cd78       ?windowsToolStripMenuItem_Click@Form1@EEV_Sim@@$$FA$AAMXP$AAVObject@System@@P$AAVEventArgs@4@@Z 0040dd78 f i EEV_Sim.obj
 0001:0000cd88       ?USB_btnConnect_Click@Form1@EEV_Sim@@$$FA$AAMXP$AAVObject@System@@P$AAVEventArgs@4@@Z 0040dd88 f i EEV_Sim.obj
 0001:0000cea0       ?USB_btnClose_Click@Form1@EEV_Sim@@$$FA$AAMXP$AAVObject@System@@P$AAVEventArgs@4@@Z 0040dea0 f i EEV_Sim.obj
 0001:0000cf9c       ?USB_btnSendData_Click@Form1@EEV_Sim@@$$FA$AAMXP$AAVObject@System@@P$AAVEventArgs@4@@Z 0040df9c f i EEV_Sim.obj
 0001:0000cfac       ?USB_SetInt@Form1@EEV_Sim@@$$FQ$AAMXH@Z 0040dfac f i EEV_Sim.obj
 0001:0000cfd8       ?USB_UpdateCOMPortList@Form1@EEV_Sim@@$$FA$AAMXXZ 0040dfd8 f i EEV_Sim.obj
 0001:0000d07c       ?USB_Getdata_PrintTemperatures@Form1@EEV_Sim@@$$FA$AAMXXZ 0040e07c f i EEV_Sim.obj
 0001:0000d3c8       ?USB_Send_Command_forWrite@Form1@EEV_Sim@@$$FA$AAMXXZ 0040e3c8 f i EEV_Sim.obj
 0001:0000d55c       ?USB_Send_Command@Form1@EEV_Sim@@$$FA$AAMXXZ 0040e55c f i EEV_Sim.obj
 0001:0000d624       ?USB_Update_Temperature_NumericBoxes@Form1@EEV_Sim@@$$FA$AAMXXZ 0040e624 f i EEV_Sim.obj
 0001:0000da70       ?USB_Read_Temperature_request@Form1@EEV_Sim@@$$FA$AAMXXZ 0040ea70 f i EEV_Sim.obj
 0001:0000da80       ?<Dispose>@Form1@EEV_Sim@@$$FM$AAMX_N@Z 0040ea80 f i EEV_Sim.obj
 0001:0000dac8       ?.cctor@Form1@EEV_Sim@@$$FSMXXZ 0040eac8 f i EEV_Sim.obj
 0001:0000f410       ?InitializeComponent@FileErr@EEV_Sim@@$$FA$AAMXXZ 00410410 f i EEV_Sim.obj
 0001:0000f618       ?InitializeComponent@EndApp@EEV_Sim@@$$FA$AAMXXZ 00410618 f i EEV_Sim.obj
 0001:0000f8c8       ?InitializeComponent@Strt@EEV_Sim@@$$FA$AAMXXZ 004108c8 f i EEV_Sim.obj
 0001:0000fb3c       ?InitializeComponent@Info@EEV_Sim@@$$FA$AAMXXZ 00410b3c f i EEV_Sim.obj
 0001:0000fbe0       ?btnConnect_Click@USB@EEV_Sim@@$$FA$AAMXP$AAVObject@System@@P$AAVEventArgs@4@@Z 00410be0 f i EEV_Sim.obj
 0001:0000fd10       ?serialPort1_DataReceived@USB@EEV_Sim@@$$FA$AAMXP$AAVObject@System@@P$AAVSerialDataReceivedEventArgs@Ports@IO@4@@Z 00410d10 f i EEV_Sim.obj
 0001:0000fddc       ?GUI_PowerUp_Update@Form1@EEV_Sim@@$$FQ$AAMXXZ 00410ddc f i EEV_Sim.obj
 0001:0000fea4       ?Form_Fan_Update@Form1@EEV_Sim@@$$FQ$AAMXXZ 00410ea4 f i EEV_Sim.obj
 0001:000108f8       ?Panel_Set@Form1@EEV_Sim@@$$FQ$AAMXXZ 004118f8 f i EEV_Sim.obj
 0001:00010ecc       ?Form_Reliability_Update@Form1@EEV_Sim@@$$FQ$AAMXXZ 00411ecc f i EEV_Sim.obj
 0001:00011c2c       ?Form_Comp_Update@Form1@EEV_Sim@@$$FQ$AAMXXZ 00412c2c f i EEV_Sim.obj
 0001:00012dcc       ?Form_Main_Update@Form1@EEV_Sim@@$$FQ$AAMXXZ 00413dcc f i EEV_Sim.obj
 0001:00012f44       ?Form_EEV_Update@Form1@EEV_Sim@@$$FQ$AAMXXZ 00413f44 f i EEV_Sim.obj
 0001:000144f4       ?Form_Defrost_Update@Form1@EEV_Sim@@$$FA$AAMXXZ 004154f4 f i EEV_Sim.obj
 0001:00014ca8       ?Chart_Update_Arrays@Form1@EEV_Sim@@$$FQ$AAMXI@Z 00415ca8 f i EEV_Sim.obj
 0001:00014e10       ?Chart_Total_Plot@Form1@EEV_Sim@@$$FQ$AAMXXZ 00415e10 f i EEV_Sim.obj
 0001:00015904       ?Chart_DataProcess@Form1@EEV_Sim@@$$FQ$AAMXXZ 00416904 f i EEV_Sim.obj
 0001:0001599c       ?LOG_DataLogProcess@Form1@EEV_Sim@@$$FQ$AAMXP$AAVString@System@@@Z 0041699c f i EEV_Sim.obj
 0001:00015af8       ?button_RemoCon_OnOff_Click@Form1@EEV_Sim@@$$FA$AAMXP$AAVObject@System@@P$AAVEventArgs@4@@Z 00416af8 f i EEV_Sim.obj
 0001:00015b64       ?button_Play_Click@Form1@EEV_Sim@@$$FA$AAMXP$AAVObject@System@@P$AAVEventArgs@4@@Z 00416b64 f i EEV_Sim.obj
 0001:00015b94       ?button_RemoCon_Sleep_Click@Form1@EEV_Sim@@$$FA$AAMXP$AAVObject@System@@P$AAVEventArgs@4@@Z 00416b94 f i EEV_Sim.obj
 0001:00015bcc       ?button_Power_Reset_Click@Form1@EEV_Sim@@$$FA$AAMXP$AAVObject@System@@P$AAVEventArgs@4@@Z 00416bcc f i EEV_Sim.obj
 0001:00015be4       ?USB_Data_Share_poll@Form1@EEV_Sim@@$$FA$AAMXXZ 00416be4 f i EEV_Sim.obj
 0001:00015d18       ?USB_SetText@Form1@EEV_Sim@@$$FA$AAMXP$AAVString@System@@@Z 00416d18 f i EEV_Sim.obj
 0001:00015d60       ?USB_Serial_GetData@Form1@EEV_Sim@@$$FA$AAMXXZ 00416d60 f i EEV_Sim.obj
 0001:00015ec0       ??0FileErr@EEV_Sim@@$$FQ$AAM@XZ 00416ec0 f i EEV_Sim.obj
 0001:00015f00       ??0EndApp@EEV_Sim@@$$FQ$AAM@XZ 00416f00 f i EEV_Sim.obj
 0001:00015f40       ??0Strt@EEV_Sim@@$$FQ$AAM@XZ 00416f40 f i EEV_Sim.obj
 0001:00015f80       ??0Info@EEV_Sim@@$$FQ$AAM@XZ 00416f80 f i EEV_Sim.obj
 0001:00015fc0       ?InitializeComponent@USB@EEV_Sim@@$$FA$AAMXXZ 00416fc0 f i EEV_Sim.obj
 0001:000163f8       ?GUI_All_Update@Form1@EEV_Sim@@$$FQ$AAMXXZ 004173f8 f i EEV_Sim.obj
 0001:000165ec       ?toolStripMenuItem1_Click@Form1@EEV_Sim@@$$FA$AAMXP$AAVObject@System@@P$AAVEventArgs@4@@Z 004175ec f i EEV_Sim.obj
 0001:00016608       ?button_Panel_Left_Click@Form1@EEV_Sim@@$$FQ$AAMXP$AAVObject@System@@P$AAVEventArgs@4@@Z 00417608 f i EEV_Sim.obj
 0001:00016664       ?button_Panel_Right_Click@Form1@EEV_Sim@@$$FQ$AAMXP$AAVObject@System@@P$AAVEventArgs@4@@Z 00417664 f i EEV_Sim.obj
 0001:000166ac       ?exitToolStripMenuItem1_Click@Form1@EEV_Sim@@$$FA$AAMXP$AAVObject@System@@P$AAVEventArgs@4@@Z 004176ac f i EEV_Sim.obj
 0001:000166c8       ?systemToolStripMenuItem_Click@Form1@EEV_Sim@@$$FA$AAMXP$AAVObject@System@@P$AAVEventArgs@4@@Z 004176c8 f i EEV_Sim.obj
 0001:000166e4       ?USB_serialPort1_DataReceived@Form1@EEV_Sim@@$$FA$AAMXP$AAVObject@System@@P$AAVSerialDataReceivedEventArgs@Ports@IO@4@@Z 004176e4 f i EEV_Sim.obj
 0001:000167a0       ??0USB@EEV_Sim@@$$FQ$AAM@XZ 004177a0 f i EEV_Sim.obj
 0001:000167e0       ?ACIT_Loop@Form1@EEV_Sim@@$$FQ$AAMXXZ 004177e0 f i EEV_Sim.obj
 0001:00016874       ?communicationToolStripMenuItem_Click@Form1@EEV_Sim@@$$FA$AAMXP$AAVObject@System@@P$AAVEventArgs@4@@Z 00417874 f i EEV_Sim.obj
 0001:00016890       ?GUI_ACIT_Timing@Form1@EEV_Sim@@$$FQ$AAMXXZ 00417890 f i EEV_Sim.obj
 0001:00016a78       ?computerToolStripMenuItem_Click@Form1@EEV_Sim@@$$FA$AAMXP$AAVObject@System@@P$AAVEventArgs@4@@Z 00417a78 f i EEV_Sim.obj
 0001:00016a94       ?Base_Timer1mSec_Tick@Form1@EEV_Sim@@$$FA$AAMXP$AAVObject@System@@P$AAVEventArgs@4@@Z 00417a94 f i EEV_Sim.obj
 0001:00016bbc       ?InitializeComponent@Form1@EEV_Sim@@$$FA$AAMXXZ 00417bbc f i EEV_Sim.obj
 0001:0004cc7c       ??0Form1@EEV_Sim@@$$FQ$AAM@XZ 0044dc7c f i EEV_Sim.obj
 0001:0004ccc4       ?PtrToStringChars@@$$FYMP$CB_WP$ABVString@System@@@Z 0044dcc4 f i MSVCURTD:mstartup.obj
 0001:0004cce4       ?Create@ActivationContext@<CrtImplementationDetails>@@$$FQAMXXZ 0044dce4 f i MSVCURTD:mstartup.obj
 0001:0004ce28       ?Activate@ActivationContext@<CrtImplementationDetails>@@$$FQAMXXZ 0044de28 f i MSVCURTD:mstartup.obj
 0001:0004ce48       ?UninitializeAppDomain@LanguageSupport@<CrtImplementationDetails>@@$$FCMXXZ 0044de48 f i MSVCURTD:mstartup.obj
 0001:0004ce5c       ?DomainUnload@LanguageSupport@<CrtImplementationDetails>@@$$FCMXP$AAVObject@System@@P$AAVEventArgs@4@@Z 0044de5c f i MSVCURTD:mstartup.obj
 0001:0004ce84       ?Cleanup@LanguageSupport@<CrtImplementationDetails>@@$$FAAMXP$AAVException@System@@@Z 0044de84 f i MSVCURTD:mstartup.obj
 0001:0004cee4       ??0?$gcroot@P$AAVString@System@@@@$$FQAM@XZ 0044dee4 f i MSVCURTD:mstartup.obj
 0001:0004cf08       ??1?$gcroot@P$AAVString@System@@@@$$FQAM@XZ 0044df08 f i MSVCURTD:mstartup.obj
 0001:0004cf30       ??4?$gcroot@P$AAVString@System@@@@$$FQAMAAU0@P$AAVString@System@@@Z 0044df30 f i MSVCURTD:mstartup.obj
 0001:0004cf58       ??B?$gcroot@P$AAVString@System@@@@$$FQBMP$AAVString@System@@XZ 0044df58 f i MSVCURTD:mstartup.obj
 0001:0004cf80       ??0ActivationContext@<CrtImplementationDetails>@@$$FQAM@XZ 0044df80 f i MSVCURTD:mstartup.obj
 0001:0004cfa4       ?DeActivate@ActivationContext@<CrtImplementationDetails>@@$$FQAMXXZ 0044dfa4 f i MSVCURTD:mstartup.obj
 0001:0004cff0       ?Release@ActivationContext@<CrtImplementationDetails>@@$$FQAMXXZ 0044dff0 f i MSVCURTD:mstartup.obj
 0001:0004d014       ?InitializeVtables@LanguageSupport@<CrtImplementationDetails>@@$$FAAMXXZ 0044e014 f i MSVCURTD:mstartup.obj
 0001:0004d048       ?InitializePerAppDomain@LanguageSupport@<CrtImplementationDetails>@@$$FAAMXXZ 0044e048 f i MSVCURTD:mstartup.obj
 0001:0004d084       ?InitializeUninitializer@LanguageSupport@<CrtImplementationDetails>@@$$FAAMXXZ 0044e084 f i MSVCURTD:mstartup.obj
 0001:0004d0b4       ??0LanguageSupport@<CrtImplementationDetails>@@$$FQAM@XZ 0044e0b4 f i MSVCURTD:mstartup.obj
 0001:0004d0d0       ??1LanguageSupport@<CrtImplementationDetails>@@$$FQAM@XZ 0044e0d0 f i MSVCURTD:mstartup.obj
 0001:0004d0e8       ??1ActivationContext@<CrtImplementationDetails>@@$$FQAM@XZ 0044e0e8 f i MSVCURTD:mstartup.obj
 0001:0004d130       ?_Initialize@LanguageSupport@<CrtImplementationDetails>@@$$FAAMXXZ 0044e130 f i MSVCURTD:mstartup.obj
 0001:0004d1c8       ?Initialize@LanguageSupport@<CrtImplementationDetails>@@$$FQAMXXZ 0044e1c8 f i MSVCURTD:mstartup.obj
 0001:0004d250       ?.cctor@@$$FYMXXZ          0044e250 f   MSVCURTD:mstartup.obj
 0001:0004d2a0       ?_atexit_m@@$$J0YMHP6MXXZ@Z 0044e2a0 f i MSVCURTD:managdeh.obj
 0001:0004d2b8       ?atexit@@$$FYMHP6MXXZ@Z    0044e2b8 f i MSVCURTD:managdeh.obj
 0001:0004d2d0       ?__DestructExceptionObject_m@?A0x23171040@@$$FYMXPAUEHExceptionRecord@@E@Z 0044e2d0 f   MSVCURTD:managdeh.obj
 0001:0004d334       ?___CxxRegisterExceptionObject@@$$FYMHPAX0@Z 0044e334 f   MSVCURTD:managdeh.obj
 0001:0004d400       ?___CxxDetectRethrow@@$$FYMHPAX@Z 0044e400 f   MSVCURTD:managdeh.obj
 0001:0004d45c       ?___CxxUnregisterExceptionObject@@$$FYMXPAXH@Z 0044e45c f   MSVCURTD:managdeh.obj
 0001:0004d580       ?___CxxQueryExceptionSize@@$$FYMHXZ 0044e580 f   MSVCURTD:managdeh.obj
 0001:0004d594       ?___CxxCallUnwindDtor@@$$J0YMXP6MXPAX@Z0@Z 0044e594 f   MSVCURTD:managdeh.obj
 0001:0004d5d8       ?___CxxCallUnwindDelDtor@@$$J0YMXP6MXPAX@Z0@Z 0044e5d8 f   MSVCURTD:managdeh.obj
 0001:0004d61c       ?___CxxCallUnwindVecDtor@@$$J0YMXP6MXPAXIHP6MX0@Z@Z0IH1@Z 0044e61c f   MSVCURTD:managdeh.obj
 0001:0004d664       ??$TypeMatch@U_s_HandlerType@@$$CBU_s_CatchableType@@$$CBU_s_ThrowInfo@@@?A0x23171040@@$$FYMHPAU_s_HandlerType@@PBU_s_CatchableType@@PBU_s_ThrowInfo@@@Z 0044e664 f   MSVCURTD:managdeh.obj
 0001:0004d6d4       ??$BuildCatchObjectHelper@U_s_HandlerType@@$$CBU_s_CatchableType@@@?A0x23171040@@$$FYMHPAUEHExceptionRecord@@PAXPAU_s_HandlerType@@PBU_s_CatchableType@@@Z 0044e6d4 f   MSVCURTD:managdeh.obj
 0001:0004d84c       ??$BuildCatchObject@U_s_HandlerType@@$$CBU_s_CatchableType@@@?A0x23171040@@$$FYMXPAUEHExceptionRecord@@PAXPAU_s_HandlerType@@PBU_s_CatchableType@@@Z 0044e84c f   MSVCURTD:managdeh.obj
 0001:0004d8e4       ?___CxxExceptionFilter@@$$FYMHPAX0H0@Z 0044e8e4 f   MSVCURTD:managdeh.obj
 0001:0004da3c       ?_handle@AtExitLock@<CrtImplementationDetails>@@$$FCMP$AAVGCHandle@InteropServices@Runtime@System@@XZ 0044ea3c f i MSVCURTD:msilexit.obj
 0001:0004da70       ?_lock_Set@AtExitLock@<CrtImplementationDetails>@@$$FCMXP$AAVObject@System@@@Z 0044ea70 f i MSVCURTD:msilexit.obj
 0001:0004dac0       ?_lock_Get@AtExitLock@<CrtImplementationDetails>@@$$FCMP$AAVObject@System@@XZ 0044eac0 f i MSVCURTD:msilexit.obj
 0001:0004daec       ?_lock_Destruct@AtExitLock@<CrtImplementationDetails>@@$$FCMXXZ 0044eaec f i MSVCURTD:msilexit.obj
 0001:0004db18       ?IsInitialized@AtExitLock@<CrtImplementationDetails>@@$$FSM_NXZ 0044eb18 f i MSVCURTD:msilexit.obj
 0001:0004db34       ?RemoveRef@AtExitLock@<CrtImplementationDetails>@@$$FSMXXZ 0044eb34 f i MSVCURTD:msilexit.obj
 0001:0004db84       ?Enter@AtExitLock@<CrtImplementationDetails>@@$$FSMXXZ 0044eb84 f i MSVCURTD:msilexit.obj
 0001:0004db9c       ?Exit@AtExitLock@<CrtImplementationDetails>@@$$FSMXXZ 0044eb9c f i MSVCURTD:msilexit.obj
 0001:0004dbb4       ?__global_lock@?A0x11773762@@$$FYM_NXZ 0044ebb4 f   MSVCURTD:msilexit.obj
 0001:0004dbd4       ?__global_unlock@?A0x11773762@@$$FYM_NXZ 0044ebd4 f   MSVCURTD:msilexit.obj
 0001:0004dbf4       ?__dealloc_global_lock@?A0x11773762@@$$FYMXXZ 0044ebf4 f   MSVCURTD:msilexit.obj
 0001:0004dc08       ?_atexit_helper@@$$J0YMHP6MXXZPAIPAPAP6MXXZ2@Z 0044ec08 f   MSVCURTD:msilexit.obj
 0001:0004dd78       ?_app_exit_callback@@$$J0YMXXZ 0044ed78 f   MSVCURTD:msilexit.obj
 0001:0004de58       ?_atexit_m_appdomain@@$$J0YMHP6MXXZ@Z 0044ee58 f   MSVCURTD:msilexit.obj
 0001:0004de84       ?_lock_Construct@AtExitLock@<CrtImplementationDetails>@@$$FCMXP$AAVObject@System@@@Z 0044ee84 f i MSVCURTD:msilexit.obj
 0001:0004dea0       ?AddRef@AtExitLock@<CrtImplementationDetails>@@$$FSMXXZ 0044eea0 f i MSVCURTD:msilexit.obj
 0001:0004ded0       ?__alloc_global_lock@?A0x11773762@@$$FYM_NXZ 0044eed0 f   MSVCURTD:msilexit.obj
 0001:0004deec       ?_initatexit_app_domain@@$$J0YMHXZ 0044eeec f   MSVCURTD:msilexit.obj
 0001:0004df40       ?_onexit_m_appdomain@@$$J0YMP6MHXZP6MHXZ@Z 0044ef40 f   MSVCURTD:msilexit.obj
 0001:0004df5c       ?Handle@ThisModule@<CrtImplementationDetails>@@$$FCM?AVModuleHandle@System@@XZ 0044ef5c f i MSVCURTD:puremsilcode.obj
 0001:0004df80       ??$ResolveMethod@$$A6MPBXXZ@ThisModule@<CrtImplementationDetails>@@$$FSMP6MPBXXZP6MPBXXZ@Z 0044ef80 f i MSVCURTD:puremsilcode.obj
 0001:0004dfb0       ?_initterm_m@@$$FYMXPBQ6MPBXXZ0@Z 0044efb0 f   MSVCURTD:puremsilcode.obj
 0001:0004dfdc       ?_invoke_watson_if_error@@$$J0YMXHPB_W00II@Z 0044efdc f i MSVCURTD:ti_inst.obj
 0001:0004dffc       ??8type_info@@$$FQBM_NABV0@@Z 0044effc f   MSVCURTD:ti_inst.obj
 0001:0004e020       ??9type_info@@$$FQBM_NABV0@@Z 0044f020 f   MSVCURTD:ti_inst.obj
 0001:0004e044       ?before@type_info@@$$FQBMHABV1@@Z 0044f044 f   MSVCURTD:ti_inst.obj
 0001:0004e068       ?raw_name@type_info@@$$FQBMPBDXZ 0044f068 f   MSVCURTD:ti_inst.obj
 0001:0004e07c       ?_Type_info_dtor@type_info@@$$FCMXPAV1@@Z 0044f07c f   MSVCURTD:ti_inst.obj
 0001:0004e154       ?_Name_base@type_info@@$$FCMPBDPBV1@PAU__type_info_node@@@Z 0044f154 f   MSVCURTD:ti_inst.obj
 0001:0004e278       ?__clean_type_info_names_internal@@$$FYMXPAU__type_info_node@@@Z 0044f278 f   MSVCURTD:ti_inst.obj
 0001:0004e30c       ?__clean_type_info_names@@$$J0YMXXZ 0044f30c f   MSVCURTD:ti_inst.obj
 0001:0004e324       ?name@type_info@@$$FQBMPBDPAU__type_info_node@@@Z 0044f324 f   MSVCURTD:ti_inst.obj
 0001:0004e33c       ??1type_info@@$$FUAM@XZ    0044f33c f   MSVCURTD:ti_inst.obj
 0001:0004e358       ??_Etype_info@@$$FUAMPAXI@Z 0044f358 f i MSVCURTD:ti_inst.obj
 0001:0004e3a4       ??_V@$$FYMXPAX@Z           0044f3a4 f   MSVCURTD:delete2.obj
 0001:0004e3b8       ?ArrayUnwindFilter@?A0x644ad69d@@$$FYMHPAU_EXCEPTION_POINTERS@@@Z 0044f3b8 f   MSVCURTD:mehvecdtr.obj
 0001:0004e3dc       ?__ArrayUnwind@@$$FYMXPAXIHP6MX0@Z@Z 0044f3dc f   MSVCURTD:mehvecdtr.obj
 0001:0004e430       ??_M@$$FYMXPAXIHP6MX0@Z@Z  0044f430 f   MSVCURTD:mehvecdtr.obj
 0001:0004e494       ???__E?A0xdf8a9bc7@SA_Yes@@YMXXZ@?A0xdf8a9bc7@@$$FYMXXZ 0044f494 f i EEV_Sim.obj
 0001:0004e4ac       ???__E?A0xdf8a9bc7@SA_No@@YMXXZ@?A0xdf8a9bc7@@$$FYMXXZ 0044f4ac f i EEV_Sim.obj
 0001:0004e4c4       ???__E?A0xdf8a9bc7@SA_Maybe@@YMXXZ@?A0xdf8a9bc7@@$$FYMXXZ 0044f4c4 f i EEV_Sim.obj
 0001:0004e4dc       ???__E?A0xdf8a9bc7@SA_NoAccess@@YMXXZ@?A0xdf8a9bc7@@$$FYMXXZ 0044f4dc f i EEV_Sim.obj
 0001:0004e4f0       ???__E?A0xdf8a9bc7@SA_Read@@YMXXZ@?A0xdf8a9bc7@@$$FYMXXZ 0044f4f0 f i EEV_Sim.obj
 0001:0004e504       ???__E?A0xdf8a9bc7@SA_Write@@YMXXZ@?A0xdf8a9bc7@@$$FYMXXZ 0044f504 f i EEV_Sim.obj
 0001:0004e518       ???__E?A0xdf8a9bc7@SA_ReadWrite@@YMXXZ@?A0xdf8a9bc7@@$$FYMXXZ 0044f518 f i EEV_Sim.obj
 0001:0004e52c       ???__E?A0xdf8a9bc7@_HUGE@@YMXXZ@?A0xdf8a9bc7@@$$FYMXXZ 0044f52c f i EEV_Sim.obj
 0001:0004e548       ???__EDate@ACIT_Stack@@YMXXZ@?A0xdf8a9bc7@@$$FYMXXZ 0044f548 f i EEV_Sim.obj
 0001:0004e560       ???__ETime@ACIT_Stack@@YMXXZ@?A0xdf8a9bc7@@$$FYMXXZ 0044f560 f i EEV_Sim.obj
 0001:0004e578       ???__E?A0xdf8a9bc7@File1_Name@ACIT_Stack@@YMXXZ@?A0xdf8a9bc7@@$$FYMXXZ 0044f578 f i EEV_Sim.obj
 0001:0004e590       ???__E?A0xdf8a9bc7@File1_Time@ACIT_Stack@@YMXXZ@?A0xdf8a9bc7@@$$FYMXXZ 0044f590 f i EEV_Sim.obj
 0001:0004e5b8       ???__E?A0xdf8a9bc7@File1_Date@ACIT_Stack@@YMXXZ@?A0xdf8a9bc7@@$$FYMXXZ 0044f5b8 f i EEV_Sim.obj
 0001:0004e5d0       ???__E?A0xdf8a9bc7@File1_Line@ACIT_Stack@@YMXXZ@?A0xdf8a9bc7@@$$FYMXXZ 0044f5d0 f i EEV_Sim.obj
 0001:0004e5e8       ???__EZone_Configuration_Table@ACIT_Stack@@YMXXZ@?A0xdf8a9bc7@@$$FYMXXZ 0044f5e8 f i EEV_Sim.obj
 0001:0004e918       ???__EZone_Table_Tc@ACIT_Stack@@YMXXZ@?A0xdf8a9bc7@@$$FYMXXZ 0044f918 f i EEV_Sim.obj
 0001:0004eac4       ???__EZone_Table_Te@ACIT_Stack@@YMXXZ@?A0xdf8a9bc7@@$$FYMXXZ 0044fac4 f i EEV_Sim.obj
 0001:0004ec2c       ???__EZone_Table_Dew@ACIT_Stack@@YMXXZ@?A0xdf8a9bc7@@$$FYMXXZ 0044fc2c f i EEV_Sim.obj
 0001:0004ee38       ???__EZone_Table_Td@ACIT_Stack@@YMXXZ@?A0xdf8a9bc7@@$$FYMXXZ 0044fe38 f i EEV_Sim.obj
 0001:0004ef78       ???__ESleeping_Max_Step@ACIT_Stack@@YMXXZ@?A0xdf8a9bc7@@$$FYMXXZ 0044ff78 f i EEV_Sim.obj
 0001:0004efe4       ???__EOutdoor_Cooling_TempLimit_Table@ACIT_Stack@@YMXXZ@?A0xdf8a9bc7@@$$FYMXXZ 0044ffe4 f i EEV_Sim.obj
 0001:0004f1a0       ???__EOutdoor_Heating_TempLimit_Table@ACIT_Stack@@YMXXZ@?A0xdf8a9bc7@@$$FYMXXZ 004501a0 f i EEV_Sim.obj
 0001:0004f370       ???__EZone_Table_HS@ACIT_Stack@@YMXXZ@?A0xdf8a9bc7@@$$FYMXXZ 00450370 f i EEV_Sim.obj
 0001:0004f4a8       ???__EZone_Table_CT@ACIT_Stack@@YMXXZ@?A0xdf8a9bc7@@$$FYMXXZ 004504a8 f i EEV_Sim.obj
 0001:0004f658       ???__EMinHzLimCooling_OutLow@ACIT_Stack@@YMXXZ@?A0xdf8a9bc7@@$$FYMXXZ 00450658 f i EEV_Sim.obj
 0001:0004f6d4       ???__EMinHzLimHeating_OutLow@ACIT_Stack@@YMXXZ@?A0xdf8a9bc7@@$$FYMXXZ 004506d4 f i EEV_Sim.obj
 0001:0004f750       ???__EInp_Volt_MaxLim@ACIT_Stack@@YMXXZ@?A0xdf8a9bc7@@$$FYMXXZ 00450750 f i EEV_Sim.obj
 0001:0004f7b0       ???__EMinCondenserLimit@ACIT_Stack@@YMXXZ@?A0xdf8a9bc7@@$$FYMXXZ 004507b0 f i EEV_Sim.obj
 0001:0004f824       ???__EDefrost_Decision_Configuration_Table@ACIT_Stack@@YMXXZ@?A0xdf8a9bc7@@$$FYMXXZ 00450824 f i EEV_Sim.obj
 0001:0004f8f0       ???__EDefrost_RS_8_1_1_1@ACIT_Stack@@YMXXZ@?A0xdf8a9bc7@@$$FYMXXZ 004508f0 f i EEV_Sim.obj
 0001:0004f994       ???__EDefrost_RS_8_1_1_2@ACIT_Stack@@YMXXZ@?A0xdf8a9bc7@@$$FYMXXZ 00450994 f i EEV_Sim.obj
 0001:0004fa1c       ???__EDefrost_RS_8_1_1_3_1@ACIT_Stack@@YMXXZ@?A0xdf8a9bc7@@$$FYMXXZ 00450a1c f i EEV_Sim.obj
 0001:0004fa3c       ???__EDefrost_RS_8_1_1_3_2@ACIT_Stack@@YMXXZ@?A0xdf8a9bc7@@$$FYMXXZ 00450a3c f i EEV_Sim.obj
 0001:0004fa5c       ???__EDefrost_RS_8_1_1_4@ACIT_Stack@@YMXXZ@?A0xdf8a9bc7@@$$FYMXXZ 00450a5c f i EEV_Sim.obj
 0001:0004faa4       ???__EDefrost_RS_8_1_1_4_Time@ACIT_Stack@@YMXXZ@?A0xdf8a9bc7@@$$FYMXXZ 00450aa4 f i EEV_Sim.obj
 0001:0004fac8       ???__EConst_Defrost_Table@ACIT_Stack@@YMXXZ@?A0xdf8a9bc7@@$$FYMXXZ 00450ac8 f i EEV_Sim.obj
 0001:0004fb94       ???__EMem_Defrost_Table@ACIT_Stack@@YMXXZ@?A0xdf8a9bc7@@$$FYMXXZ 00450b94 f i EEV_Sim.obj
 0001:0004fc50       ???__ERom_Temperature_Average@ACIT_Stack@@YMXXZ@?A0xdf8a9bc7@@$$FYMXXZ 00450c50 f i EEV_Sim.obj
 0001:0004fc84       ???__ERam_Temperature_Average@ACIT_Stack@@YMXXZ@?A0xdf8a9bc7@@$$FYMXXZ 00450c84 f i EEV_Sim.obj
 0001:0004fd28       ???__EDefrost_TimeStep_Table@ACIT_Stack@@YMXXZ@?A0xdf8a9bc7@@$$FYMXXZ 00450d28 f i EEV_Sim.obj
 0001:0004fe90       ???__EDefrost_CompOnTable@ACIT_Stack@@YMXXZ@?A0xdf8a9bc7@@$$FYMXXZ 00450e90 f i EEV_Sim.obj
 0001:0004feb8       ???__EDefrost_Escape@ACIT_Stack@@YMXXZ@?A0xdf8a9bc7@@$$FYMXXZ 00450eb8 f i EEV_Sim.obj
 0001:0004ffbc       ???__EDefrost_EscapeTimers@ACIT_Stack@@YMXXZ@?A0xdf8a9bc7@@$$FYMXXZ 00450fbc f i EEV_Sim.obj
 0001:00050000       ???__EFuzzyTable@ACIT_Stack@@YMXXZ@?A0xdf8a9bc7@@$$FYMXXZ 00451000 f i EEV_Sim.obj
 0001:00050c18       ???__ETargetTd_Coefficient_Table@ACIT_Stack@@YMXXZ@?A0xdf8a9bc7@@$$FYMXXZ 00451c18 f i EEV_Sim.obj
 0001:00050c90       ???__EMinMax_Pulses@ACIT_Stack@@YMXXZ@?A0xdf8a9bc7@@$$FYMXXZ 00451c90 f i EEV_Sim.obj
 0001:00050d94       ???__ESuperHeatMinMaxCoefficients@ACIT_Stack@@YMXXZ@?A0xdf8a9bc7@@$$FYMXXZ 00451d94 f i EEV_Sim.obj
 0001:00050dbc       ???__EEEV_PowerUp_Table@ACIT_Stack@@YMXXZ@?A0xdf8a9bc7@@$$FYMXXZ 00451dbc f i EEV_Sim.obj
 0001:00050e98       ???__EEEV_StartTable@ACIT_Stack@@YMXXZ@?A0xdf8a9bc7@@$$FYMXXZ 00451e98 f i EEV_Sim.obj
 0001:00050f48       ???__EEEV_OpenLevel_Coefficient_Table2@ACIT_Stack@@YMXXZ@?A0xdf8a9bc7@@$$FYMXXZ 00451f48 f i EEV_Sim.obj
 0001:00050f90       ???__EEEV_OpenLevel_Coefficient_Table1@ACIT_Stack@@YMXXZ@?A0xdf8a9bc7@@$$FYMXXZ 00451f90 f i EEV_Sim.obj
 0001:00051008       ???__EThermalCut_Table@ACIT_Stack@@YMXXZ@?A0xdf8a9bc7@@$$FYMXXZ 00452008 f i EEV_Sim.obj
 0001:0005103c       ???__EOil_SupplyTable@ACIT_Stack@@YMXXZ@?A0xdf8a9bc7@@$$FYMXXZ 0045203c f i EEV_Sim.obj
 0001:00051074       ???__EFanStep2RpmTable@ACIT_Stack@@YMXXZ@?A0xdf8a9bc7@@$$FYMXXZ 00452074 f i EEV_Sim.obj
 0001:00051110       ???__EFan_Err_CompTable@ACIT_Stack@@YMXXZ@?A0xdf8a9bc7@@$$FYMXXZ 00452110 f i EEV_Sim.obj
 0001:0005115c       ???__EFan_Tc_Compensation_Threshold@ACIT_Stack@@YMXXZ@?A0xdf8a9bc7@@$$FYMXXZ 0045215c f i EEV_Sim.obj
 0001:0005118c       ???__EFan_Tc_CompTable@ACIT_Stack@@YMXXZ@?A0xdf8a9bc7@@$$FYMXXZ 0045218c f i EEV_Sim.obj
 0001:000511e4       ???__EFan_CompOutAir_Cool@ACIT_Stack@@YMXXZ@?A0xdf8a9bc7@@$$FYMXXZ 004521e4 f i EEV_Sim.obj
 0001:000512d4       ???__EFan_CompOutAir_Heat@ACIT_Stack@@YMXXZ@?A0xdf8a9bc7@@$$FYMXXZ 004522d4 f i EEV_Sim.obj
 0001:000513ac       ???__EFan_MidHeat_Comp@ACIT_Stack@@YMXXZ@?A0xdf8a9bc7@@$$FYMXXZ 004523ac f i EEV_Sim.obj
 0001:000513d4       ???__EModel_1@ACIT_Stack@@YMXXZ@?A0xdf8a9bc7@@$$FYMXXZ 004523d4 f i EEV_Sim.obj
 0001:000513ec       ???__EModel_2@ACIT_Stack@@YMXXZ@?A0xdf8a9bc7@@$$FYMXXZ 004523ec f i EEV_Sim.obj
 0001:00051404       ???__EModel_3@ACIT_Stack@@YMXXZ@?A0xdf8a9bc7@@$$FYMXXZ 00452404 f i EEV_Sim.obj
 0001:0005141c       ???__EModel_4@ACIT_Stack@@YMXXZ@?A0xdf8a9bc7@@$$FYMXXZ 0045241c f i EEV_Sim.obj
 0001:00051434       ???__EModel_5@ACIT_Stack@@YMXXZ@?A0xdf8a9bc7@@$$FYMXXZ 00452434 f i EEV_Sim.obj
 0001:0005144c       ???__EModel_6@ACIT_Stack@@YMXXZ@?A0xdf8a9bc7@@$$FYMXXZ 0045244c f i EEV_Sim.obj
 0001:00051464       ???__ECooling_Compensation_Table@ACIT_Stack@@YMXXZ@?A0xdf8a9bc7@@$$FYMXXZ 00452464 f i EEV_Sim.obj
 0001:0005149c       ???__EHeating_Compensation_Table@ACIT_Stack@@YMXXZ@?A0xdf8a9bc7@@$$FYMXXZ 0045249c f i EEV_Sim.obj
 0001:000514d8       ???__EStarting_Operation_Table@ACIT_Stack@@YMXXZ@?A0xdf8a9bc7@@$$FYMXXZ 004524d8 f i EEV_Sim.obj
 0001:000515e8       ???__ECooling_PControl_Table@ACIT_Stack@@YMXXZ@?A0xdf8a9bc7@@$$FYMXXZ 004525e8 f i EEV_Sim.obj
 0001:000517a0       ???__ECooling_Outdoor_TempCorFactor@ACIT_Stack@@YMXXZ@?A0xdf8a9bc7@@$$FYMXXZ 004527a0 f i EEV_Sim.obj
 0001:00051960       ???__EHeating_PControl_Table@ACIT_Stack@@YMXXZ@?A0xdf8a9bc7@@$$FYMXXZ 00452960 f i EEV_Sim.obj
 0001:00051b14       ???__EHeating_Outdoor_TempCorFactor@ACIT_Stack@@YMXXZ@?A0xdf8a9bc7@@$$FYMXXZ 00452b14 f i EEV_Sim.obj
 0001:00051cc8       ???__ECommon_PI_Correction_Table@ACIT_Stack@@YMXXZ@?A0xdf8a9bc7@@$$FYMXXZ 00452cc8 f i EEV_Sim.obj
 0001:00051f3c       ???__ECooling_PI_Correction_Table@ACIT_Stack@@YMXXZ@?A0xdf8a9bc7@@$$FYMXXZ 00452f3c f i EEV_Sim.obj
 0001:000521b0       ???__EHeating_PI_Correction_Table@ACIT_Stack@@YMXXZ@?A0xdf8a9bc7@@$$FYMXXZ 004531b0 f i EEV_Sim.obj
 0001:0005241c       ???__ECommon_Remote_Correction_Table@ACIT_Stack@@YMXXZ@?A0xdf8a9bc7@@$$FYMXXZ 0045341c f i EEV_Sim.obj
 0001:00052558       ???__EMinMax_Steps@ACIT_Stack@@YMXXZ@?A0xdf8a9bc7@@$$FYMXXZ 00453558 f i EEV_Sim.obj
 0001:0005262c       ???__ETable_Step2Frequency@ACIT_Stack@@YMXXZ@?A0xdf8a9bc7@@$$FYMXXZ 0045362c f i EEV_Sim.obj
 0001:00052bdc       ???__Eshift@ACIT_Stack@@YMXXZ@?A0xdf8a9bc7@@$$FYMXXZ 00453bdc f i EEV_Sim.obj
 0001:00052bf0       ???__ENumberOfLines@ACIT_Stack@@YMXXZ@?A0xdf8a9bc7@@$$FYMXXZ 00453bf0 f i EEV_Sim.obj
 0001:00052c04       ???__EEEV_StartCompensationTable@ACIT_Stack@@YMXXZ@?A0xdf8a9bc7@@$$FYMXXZ 00453c04 f i EEV_Sim.obj
 0001:00052c80       ???__EEEV_StableCompensationTable@ACIT_Stack@@YMXXZ@?A0xdf8a9bc7@@$$FYMXXZ 00453c80 f i EEV_Sim.obj
 0001:00052d40       ???__EErrorTable@ACIT_Stack@@YMXXZ@?A0xdf8a9bc7@@$$FYMXXZ 00453d40 f i EEV_Sim.obj
 0001:0005316c       ???__E?A0xdf8a9bc7@ScriptEnable@EEV_Sim@@YMXXZ@?A0xdf8a9bc7@@$$FYMXXZ 0045416c f i EEV_Sim.obj
 0001:000531c0       ???__E?A0xdf8a9bc7@ScriptOrder@EEV_Sim@@YMXXZ@?A0xdf8a9bc7@@$$FYMXXZ 004541c0 f i EEV_Sim.obj
 0001:00053220       ???__E?A0xdf8a9bc7@ScriptOrdIndex@EEV_Sim@@YMXXZ@?A0xdf8a9bc7@@$$FYMXXZ 00454220 f i EEV_Sim.obj
 0001:00053234       ???__E?A0xdf8a9bc7@ScriptTimes@EEV_Sim@@YMXXZ@?A0xdf8a9bc7@@$$FYMXXZ 00454234 f i EEV_Sim.obj
 0001:0005328c       ???__E?A0xdf8a9bc7@Script_TimeInterval@EEV_Sim@@YMXXZ@?A0xdf8a9bc7@@$$FYMXXZ 0045428c f i EEV_Sim.obj
 0001:000532e4       ???__E?A0xdf8a9bc7@Script_TempInterval@EEV_Sim@@YMXXZ@?A0xdf8a9bc7@@$$FYMXXZ 004542e4 f i EEV_Sim.obj
 0001:0005333c       ???__E?A0xdf8a9bc7@NumberOfLines@EEV_Sim@@YMXXZ@?A0xdf8a9bc7@@$$FYMXXZ 0045433c f i EEV_Sim.obj
 0001:00053350       ???__E?A0xdf8a9bc7@HUGE@@YMXXZ@?A0xdf8a9bc7@@$$FYMXXZ 00454350 f i EEV_Sim.obj
 0001:00053368       ???__E?A0x250abb45@SA_Yes@@YMXXZ@?A0x250abb45@@$$FYMXXZ 00454368 f i MSVCURTD:mstartup.obj
 0001:00053380       ???__E?A0x250abb45@SA_No@@YMXXZ@?A0x250abb45@@$$FYMXXZ 00454380 f i MSVCURTD:mstartup.obj
 0001:00053398       ???__E?A0x250abb45@SA_Maybe@@YMXXZ@?A0x250abb45@@$$FYMXXZ 00454398 f i MSVCURTD:mstartup.obj
 0001:000533b0       ???__E?A0x250abb45@SA_NoAccess@@YMXXZ@?A0x250abb45@@$$FYMXXZ 004543b0 f i MSVCURTD:mstartup.obj
 0001:000533c4       ???__E?A0x250abb45@SA_Read@@YMXXZ@?A0x250abb45@@$$FYMXXZ 004543c4 f i MSVCURTD:mstartup.obj
 0001:000533d8       ???__E?A0x250abb45@SA_Write@@YMXXZ@?A0x250abb45@@$$FYMXXZ 004543d8 f i MSVCURTD:mstartup.obj
 0001:000533ec       ???__E?A0x250abb45@SA_ReadWrite@@YMXXZ@?A0x250abb45@@$$FYMXXZ 004543ec f i MSVCURTD:mstartup.obj
 0001:00053400       ???__E?A0x250abb45@_HUGE@@YMXXZ@?A0x250abb45@@$$FYMXXZ 00454400 f i MSVCURTD:mstartup.obj
 0001:0005341c       ???__E?Initialized@CurrentDomain@<CrtImplementationDetails>@@$$Q2HA@@YMXXZ@?A0x250abb45@@$$FYMXXZ 0045441c f i MSVCURTD:mstartup.obj
 0001:00053430       ???__E?Uninitialized@CurrentDomain@<CrtImplementationDetails>@@$$Q2HA@@YMXXZ@?A0x250abb45@@$$FYMXXZ 00454430 f i MSVCURTD:mstartup.obj
 0001:00053444       ???__E?IsDefaultDomain@CurrentDomain@<CrtImplementationDetails>@@$$Q2_NA@@YMXXZ@?A0x250abb45@@$$FYMXXZ 00454444 f i MSVCURTD:mstartup.obj
 0001:00053458       ???__E?InitializedVtables@CurrentDomain@<CrtImplementationDetails>@@$$Q2W4State@Progress@2@A@@YMXXZ@?A0x250abb45@@$$FYMXXZ 00454458 f i MSVCURTD:mstartup.obj
 0001:0005346c       ???__E?InitializedNative@CurrentDomain@<CrtImplementationDetails>@@$$Q2W4State@Progress@2@A@@YMXXZ@?A0x250abb45@@$$FYMXXZ 0045446c f i MSVCURTD:mstartup.obj
 0001:00053480       ???__E?InitializedPerProcess@CurrentDomain@<CrtImplementationDetails>@@$$Q2W4State@Progress@2@A@@YMXXZ@?A0x250abb45@@$$FYMXXZ 00454480 f i MSVCURTD:mstartup.obj
 0001:00053494       ???__E?InitializedPerAppDomain@CurrentDomain@<CrtImplementationDetails>@@$$Q2W4State@Progress@2@A@@YMXXZ@?A0x250abb45@@$$FYMXXZ 00454494 f i MSVCURTD:mstartup.obj
 0001:000534a8       ???__E?A0x250abb45@HUGE@@YMXXZ@?A0x250abb45@@$$FYMXXZ 004544a8 f i MSVCURTD:mstartup.obj
 0001:000534c0       ???__E?A0x23171040@SA_Yes@@YMXXZ@?A0x23171040@@$$FYMXXZ 004544c0 f i MSVCURTD:managdeh.obj
 0001:000534d8       ???__E?A0x23171040@SA_No@@YMXXZ@?A0x23171040@@$$FYMXXZ 004544d8 f i MSVCURTD:managdeh.obj
 0001:000534f0       ???__E?A0x23171040@SA_Maybe@@YMXXZ@?A0x23171040@@$$FYMXXZ 004544f0 f i MSVCURTD:managdeh.obj
 0001:00053508       ???__E?A0x23171040@SA_NoAccess@@YMXXZ@?A0x23171040@@$$FYMXXZ 00454508 f i MSVCURTD:managdeh.obj
 0001:0005351c       ???__E?A0x23171040@SA_Read@@YMXXZ@?A0x23171040@@$$FYMXXZ 0045451c f i MSVCURTD:managdeh.obj
 0001:00053530       ???__E?A0x23171040@SA_Write@@YMXXZ@?A0x23171040@@$$FYMXXZ 00454530 f i MSVCURTD:managdeh.obj
 0001:00053544       ???__E?A0x23171040@SA_ReadWrite@@YMXXZ@?A0x23171040@@$$FYMXXZ 00454544 f i MSVCURTD:managdeh.obj
 0001:00053558       ???__E?A0x11773762@SA_Yes@@YMXXZ@?A0x11773762@@$$FYMXXZ 00454558 f i MSVCURTD:msilexit.obj
 0001:00053570       ???__E?A0x11773762@SA_No@@YMXXZ@?A0x11773762@@$$FYMXXZ 00454570 f i MSVCURTD:msilexit.obj
 0001:00053588       ???__E?A0x11773762@SA_Maybe@@YMXXZ@?A0x11773762@@$$FYMXXZ 00454588 f i MSVCURTD:msilexit.obj
 0001:000535a0       ???__E?A0x11773762@SA_NoAccess@@YMXXZ@?A0x11773762@@$$FYMXXZ 004545a0 f i MSVCURTD:msilexit.obj
 0001:000535b4       ???__E?A0x11773762@SA_Read@@YMXXZ@?A0x11773762@@$$FYMXXZ 004545b4 f i MSVCURTD:msilexit.obj
 0001:000535c8       ???__E?A0x11773762@SA_Write@@YMXXZ@?A0x11773762@@$$FYMXXZ 004545c8 f i MSVCURTD:msilexit.obj
 0001:000535dc       ???__E?A0x11773762@SA_ReadWrite@@YMXXZ@?A0x11773762@@$$FYMXXZ 004545dc f i MSVCURTD:msilexit.obj
 0001:000535f0       ???__E?A0x53c7229f@SA_Yes@@YMXXZ@?A0x53c7229f@@$$FYMXXZ 004545f0 f i MSVCURTD:puremsilcode.obj
 0001:00053608       ???__E?A0x53c7229f@SA_No@@YMXXZ@?A0x53c7229f@@$$FYMXXZ 00454608 f i MSVCURTD:puremsilcode.obj
 0001:00053620       ???__E?A0x53c7229f@SA_Maybe@@YMXXZ@?A0x53c7229f@@$$FYMXXZ 00454620 f i MSVCURTD:puremsilcode.obj
 0001:00053638       ???__E?A0x53c7229f@SA_NoAccess@@YMXXZ@?A0x53c7229f@@$$FYMXXZ 00454638 f i MSVCURTD:puremsilcode.obj
 0001:0005364c       ???__E?A0x53c7229f@SA_Read@@YMXXZ@?A0x53c7229f@@$$FYMXXZ 0045464c f i MSVCURTD:puremsilcode.obj
 0001:00053660       ???__E?A0x53c7229f@SA_Write@@YMXXZ@?A0x53c7229f@@$$FYMXXZ 00454660 f i MSVCURTD:puremsilcode.obj
 0001:00053674       ???__E?A0x53c7229f@SA_ReadWrite@@YMXXZ@?A0x53c7229f@@$$FYMXXZ 00454674 f i MSVCURTD:puremsilcode.obj
 0001:00053688       ???__E?A0x3133a0bf@SA_Yes@@YMXXZ@?A0x3133a0bf@@$$FYMXXZ 00454688 f i MSVCURTD:ti_inst.obj
 0001:000536a0       ???__E?A0x3133a0bf@SA_No@@YMXXZ@?A0x3133a0bf@@$$FYMXXZ 004546a0 f i MSVCURTD:ti_inst.obj
 0001:000536b8       ???__E?A0x3133a0bf@SA_Maybe@@YMXXZ@?A0x3133a0bf@@$$FYMXXZ 004546b8 f i MSVCURTD:ti_inst.obj
 0001:000536d0       ???__E?A0x3133a0bf@SA_NoAccess@@YMXXZ@?A0x3133a0bf@@$$FYMXXZ 004546d0 f i MSVCURTD:ti_inst.obj
 0001:000536e4       ???__E?A0x3133a0bf@SA_Read@@YMXXZ@?A0x3133a0bf@@$$FYMXXZ 004546e4 f i MSVCURTD:ti_inst.obj
 0001:000536f8       ???__E?A0x3133a0bf@SA_Write@@YMXXZ@?A0x3133a0bf@@$$FYMXXZ 004546f8 f i MSVCURTD:ti_inst.obj
 0001:0005370c       ???__E?A0x3133a0bf@SA_ReadWrite@@YMXXZ@?A0x3133a0bf@@$$FYMXXZ 0045470c f i MSVCURTD:ti_inst.obj
 0001:00053720       ???__E??_R0?AVtype_info@@@8@@YMXXZ@?A0x3133a0bf@@$$FYMXXZ 00454720 f i MSVCURTD:ti_inst.obj
 0001:00053754       ???__E??_R1A@?0A@EA@type_info@@8@@YMXXZ@?A0x3133a0bf@@$$FYMXXZ 00454754 f i MSVCURTD:ti_inst.obj
 0001:000537ac       ???__E??_R2type_info@@8@@YMXXZ@?A0x3133a0bf@@$$FYMXXZ 004547ac f i MSVCURTD:ti_inst.obj
 0001:000537c4       ???__E??_R3type_info@@8@@YMXXZ@?A0x3133a0bf@@$$FYMXXZ 004547c4 f i MSVCURTD:ti_inst.obj
 0001:000537f8       ???__E??_R4type_info@@6B@@@YMXXZ@?A0x3133a0bf@@$$FYMXXZ 004547f8 f i MSVCURTD:ti_inst.obj
 0001:0005383c       ???__E??_7type_info@@6B@@@YMXXZ@?A0x3133a0bf@@$$FYMXXZ 0045483c f i MSVCURTD:ti_inst.obj
 0001:00053864       ???__E?A0x62b578cd@SA_Yes@@YMXXZ@?A0x62b578cd@@$$FYMXXZ 00454864 f i MSVCURTD:delete2.obj
 0001:0005387c       ???__E?A0x62b578cd@SA_No@@YMXXZ@?A0x62b578cd@@$$FYMXXZ 0045487c f i MSVCURTD:delete2.obj
 0001:00053894       ???__E?A0x62b578cd@SA_Maybe@@YMXXZ@?A0x62b578cd@@$$FYMXXZ 00454894 f i MSVCURTD:delete2.obj
 0001:000538ac       ???__E?A0x62b578cd@SA_NoAccess@@YMXXZ@?A0x62b578cd@@$$FYMXXZ 004548ac f i MSVCURTD:delete2.obj
 0001:000538c0       ???__E?A0x62b578cd@SA_Read@@YMXXZ@?A0x62b578cd@@$$FYMXXZ 004548c0 f i MSVCURTD:delete2.obj
 0001:000538d4       ???__E?A0x62b578cd@SA_Write@@YMXXZ@?A0x62b578cd@@$$FYMXXZ 004548d4 f i MSVCURTD:delete2.obj
 0001:000538e8       ???__E?A0x62b578cd@SA_ReadWrite@@YMXXZ@?A0x62b578cd@@$$FYMXXZ 004548e8 f i MSVCURTD:delete2.obj
 0001:000538fc       ???__E?A0x644ad69d@SA_Yes@@YMXXZ@?A0x644ad69d@@$$FYMXXZ 004548fc f i MSVCURTD:mehvecdtr.obj
 0001:00053914       ???__E?A0x644ad69d@SA_No@@YMXXZ@?A0x644ad69d@@$$FYMXXZ 00454914 f i MSVCURTD:mehvecdtr.obj
 0001:0005392c       ???__E?A0x644ad69d@SA_Maybe@@YMXXZ@?A0x644ad69d@@$$FYMXXZ 0045492c f i MSVCURTD:mehvecdtr.obj
 0001:00053944       ???__E?A0x644ad69d@SA_NoAccess@@YMXXZ@?A0x644ad69d@@$$FYMXXZ 00454944 f i MSVCURTD:mehvecdtr.obj
 0001:00053958       ???__E?A0x644ad69d@SA_Read@@YMXXZ@?A0x644ad69d@@$$FYMXXZ 00454958 f i MSVCURTD:mehvecdtr.obj
 0001:0005396c       ???__E?A0x644ad69d@SA_Write@@YMXXZ@?A0x644ad69d@@$$FYMXXZ 0045496c f i MSVCURTD:mehvecdtr.obj
 0001:00053980       ???__E?A0x644ad69d@SA_ReadWrite@@YMXXZ@?A0x644ad69d@@$$FYMXXZ 00454980 f i MSVCURTD:mehvecdtr.obj
 0002:00000438       ??_C@_0O@JKAFBCMB@CreateActCtxW?$AA@ 00455438     MSVCURTD:mstartup.obj
 0002:00000448       ??_C@_1BC@EKMDCNOB@?$AAK?$AAE?$AAR?$AAN?$AAE?$AAL?$AA3?$AA2?$AA?$AA@ 00455448     MSVCURTD:mstartup.obj
 0002:0000045c       ??_C@_1CI@IDCGDBOP@?$AAp?$AAN?$AAo?$AAd?$AAe?$AA?9?$AA?$DO?$AAn?$AAe?$AAx?$AAt?$AA?5?$AA?$CB?$AA?$DN?$AA?5?$AAN?$AAU?$AAL?$AAL?$AA?$AA@ 0045545c     MSVCURTD:ti_inst.obj
 0002:00000488       ??_C@_1GG@MEEIPBGD@?$AAf?$AA?3?$AA?2?$AAd?$AAd?$AA?2?$AAv?$AAc?$AAt?$AAo?$AAo?$AAl?$AAs?$AA?2?$AAc?$AAr?$AAt?$AA_?$AAb?$AAl?$AAd?$AA?2?$AAs?$AAe?$AAl?$AAf?$AA_?$AAx?$AA8?$AA6?$AA?2?$AAc@ 00455488     MSVCURTD:ti_inst.obj
 0002:000004f0       ??_C@_1CM@OOICDMK@?$AAt?$AAy?$AAp?$AAe?$AA_?$AAi?$AAn?$AAf?$AAo?$AA?3?$AA?3?$AA_?$AAN?$AAa?$AAm?$AAe?$AA_?$AAb?$AAa?$AAs?$AAe?$AA?$AA@ 004554f0     MSVCURTD:ti_inst.obj
 0002:00000520       ??_C@_1JK@MLBKHELP@?$AAs?$AAt?$AAr?$AAc?$AAp?$AAy?$AA_?$AAs?$AA?5?$AA?$CI?$AA?$CI?$AAc?$AAh?$AAa?$AAr?$AA?5?$AA?$CK?$AA?$CJ?$AA?$CI?$AA?$CI?$AAt?$AAy?$AAp?$AAe?$AA_?$AAi?$AAn?$AAf?$AAo?$AA?5?$AA?$CK?$AA?$CJ@ 00455520     MSVCURTD:ti_inst.obj
 0002:000005bc       ??_C@_0BA@NOJDBDJO@?4?$DPAVtype_info?$EA?$EA?$AA@ 004555bc     MSVCURTD:ti_inst.obj

 entry point at        0000:00000000

 Static symbols

 0001:fffff029       $LN6                       00400029 f   USB.obj
 0001:fffff029       __catch$?serialPort1_DataReceived@USB@EEV_Sim@@$$FA$AAMXP$AAVObject@System@@P$AAVSerialDataReceivedEventArgs@Ports@IO@4@@Z$0 00400029 f   USB.obj
 0001:fffff03f       $LN26                      0040003f f   USB.obj
 0001:fffff05c       __catch$?serialPort1_DataReceived@USB@EEV_Sim@@$$FA$AAMXP$AAVObject@System@@P$AAVSerialDataReceivedEventArgs@Ports@IO@4@@Z$1 0040005c f   USB.obj
 0001:fffff05c       $LN10                      0040005c f   USB.obj
 0001:fffff05d       __catch$?btnClose_Click@USB@EEV_Sim@@$$FA$AAMXP$AAVObject@System@@P$AAVEventArgs@4@@Z$0 0040005d f   USB.obj
 0001:fffff05d       $LN6                       0040005d f   USB.obj
 0001:fffff06b       $LN29                      0040006b f   USB.obj
 0001:fffff073       $LN26                      00400073 f   USB.obj
 0001:fffff074       __catch$?parse@CInfo@EEV_Sim@@$$FQ$AAMXP$AAVString@System@@@Z$0 00400074 f   EEV_Sim.obj
 0001:fffff075       __catch$?serialPort1_DataReceived@USB@EEV_Sim@@$$FA$AAMXP$AAVObject@System@@P$AAVSerialDataReceivedEventArgs@Ports@IO@4@@Z$2 00400075 f   USB.obj
 0001:fffff084       __catch$?btnClose_Click@USB@EEV_Sim@@$$FA$AAMXP$AAVObject@System@@P$AAVEventArgs@4@@Z$1 00400084 f   USB.obj
 0001:fffff084       $LN10                      00400084 f   USB.obj
 0001:fffff08d       $LN6                       0040008d f   USB.obj
 0001:fffff08d       __catch$?btnConnect_Click@USB@EEV_Sim@@$$FA$AAMXP$AAVObject@System@@P$AAVEventArgs@4@@Z$0 0040008d f   USB.obj
 0001:fffff093       $LN29                      00400093 f   USB.obj
 0001:fffff09d       __catch$?btnClose_Click@USB@EEV_Sim@@$$FA$AAMXP$AAVObject@System@@P$AAVEventArgs@4@@Z$2 0040009d f   USB.obj
 0001:fffff0a3       $LN26                      004000a3 f   USB.obj
 0001:fffff0c0       $LN10                      004000c0 f   USB.obj
 0001:fffff0c0       __catch$?btnConnect_Click@USB@EEV_Sim@@$$FA$AAMXP$AAVObject@System@@P$AAVEventArgs@4@@Z$1 004000c0 f   USB.obj
 0001:fffff0cf       $LN29                      004000cf f   USB.obj
 0001:fffff0d9       __catch$?btnConnect_Click@USB@EEV_Sim@@$$FA$AAMXP$AAVObject@System@@P$AAVEventArgs@4@@Z$2 004000d9 f   USB.obj
 0001:fffff144       __catch$?parse@CInfo@EEV_Sim@@$$FQ$AAMXP$AAVString@System@@@Z$1 00400144 f   EEV_Sim.obj
 0001:fffff214       __catch$?parse@CInfo@EEV_Sim@@$$FQ$AAMXP$AAVString@System@@@Z$2 00400214 f   EEV_Sim.obj
 0001:00000560       __catch$?parse@CInfo@EEV_Sim@@$$FQ$AAMXP$AAVString@System@@@Z$0 00401560 f i CInfo.obj
 0001:00000630       __catch$?parse@CInfo@EEV_Sim@@$$FQ$AAMXP$AAVString@System@@@Z$1 00401630 f i CInfo.obj
 0001:00000700       __catch$?parse@CInfo@EEV_Sim@@$$FQ$AAMXP$AAVString@System@@@Z$2 00401700 f i CInfo.obj
 0001:00006a31       $LN6                       00407a31 f i EEV_Sim.obj
 0001:00006a31       __catch$?btnClose_Click@USB@EEV_Sim@@$$FA$AAMXP$AAVObject@System@@P$AAVEventArgs@4@@Z$0 00407a31 f i EEV_Sim.obj
 0001:00006a47       $LN26                      00407a47 f i EEV_Sim.obj
 0001:00006a58       __catch$?btnClose_Click@USB@EEV_Sim@@$$FA$AAMXP$AAVObject@System@@P$AAVEventArgs@4@@Z$1 00407a58 f i EEV_Sim.obj
 0001:00006a58       $LN10                      00407a58 f i EEV_Sim.obj
 0001:00006a67       $LN29                      00407a67 f i EEV_Sim.obj
 0001:00006a71       __catch$?btnClose_Click@USB@EEV_Sim@@$$FA$AAMXP$AAVObject@System@@P$AAVEventArgs@4@@Z$2 00407a71 f i EEV_Sim.obj
 0001:00008ef6       __catch$?saveToolStripMenuItem_Click@Form1@EEV_Sim@@$$FA$AAMXP$AAVObject@System@@P$AAVEventArgs@4@@Z$0 00409ef6 f i EEV_Sim.obj
 0001:00008f6b       __catch$?saveToolStripMenuItem_Click@Form1@EEV_Sim@@$$FA$AAMXP$AAVObject@System@@P$AAVEventArgs@4@@Z$2 00409f6b f i EEV_Sim.obj
 0001:0000a13e       __catch$?LOG_ReadStream@Form1@EEV_Sim@@$$FQ$AAMP$AAVString@System@@P$AAVStreamReader@IO@4@P$AAV34@@Z$0 0040b13e f i EEV_Sim.obj
 0001:0000a391       __catch$?LOG_WriteStream@Form1@EEV_Sim@@$$FQ$AAMP$AAVString@System@@P$AAVStreamWriter@IO@4@P$AAV34@1@Z$0 0040b391 f i EEV_Sim.obj
 0001:0000a3f8       __catch$?LOG_DeleteStreamWriter@Form1@EEV_Sim@@$$FQ$AAMP$AAVString@System@@P$AAVStreamWriter@IO@4@@Z$0 0040b3f8 f i EEV_Sim.obj
 0001:0000a45a       __catch$?LOG_DeleteStreamReader@Form1@EEV_Sim@@$$FQ$AAMP$AAVString@System@@P$AAVStreamReader@IO@4@@Z$0 0040b45a f i EEV_Sim.obj
 0001:0000ce01       __catch$?USB_btnConnect_Click@Form1@EEV_Sim@@$$FA$AAMXP$AAVObject@System@@P$AAVEventArgs@4@@Z$0 0040de01 f i EEV_Sim.obj
 0001:0000ce01       $LN6                       0040de01 f i EEV_Sim.obj
 0001:0000ce17       $LN26                      0040de17 f i EEV_Sim.obj
 0001:0000ce2f       __catch$?USB_btnConnect_Click@Form1@EEV_Sim@@$$FA$AAMXP$AAVObject@System@@P$AAVEventArgs@4@@Z$1 0040de2f f i EEV_Sim.obj
 0001:0000ce2f       $LN10                      0040de2f f i EEV_Sim.obj
 0001:0000ce3e       $LN29                      0040de3e f i EEV_Sim.obj
 0001:0000ce48       __catch$?USB_btnConnect_Click@Form1@EEV_Sim@@$$FA$AAMXP$AAVObject@System@@P$AAVEventArgs@4@@Z$2 0040de48 f i EEV_Sim.obj
 0001:0000cf04       $LN6                       0040df04 f i EEV_Sim.obj
 0001:0000cf04       __catch$?USB_btnClose_Click@Form1@EEV_Sim@@$$FA$AAMXP$AAVObject@System@@P$AAVEventArgs@4@@Z$0 0040df04 f i EEV_Sim.obj
 0001:0000cf1a       $LN26                      0040df1a f i EEV_Sim.obj
 0001:0000cf2b       __catch$?USB_btnClose_Click@Form1@EEV_Sim@@$$FA$AAMXP$AAVObject@System@@P$AAVEventArgs@4@@Z$1 0040df2b f i EEV_Sim.obj
 0001:0000cf2b       $LN10                      0040df2b f i EEV_Sim.obj
 0001:0000cf3a       $LN29                      0040df3a f i EEV_Sim.obj
 0001:0000cf44       __catch$?USB_btnClose_Click@Form1@EEV_Sim@@$$FA$AAMXP$AAVObject@System@@P$AAVEventArgs@4@@Z$2 0040df44 f i EEV_Sim.obj
 0001:0000fc6d       __catch$?btnConnect_Click@USB@EEV_Sim@@$$FA$AAMXP$AAVObject@System@@P$AAVEventArgs@4@@Z$0 00410c6d f i EEV_Sim.obj
 0001:0000fc6d       $LN6                       00410c6d f i EEV_Sim.obj
 0001:0000fc83       $LN26                      00410c83 f i EEV_Sim.obj
 0001:0000fca0       $LN10                      00410ca0 f i EEV_Sim.obj
 0001:0000fca0       __catch$?btnConnect_Click@USB@EEV_Sim@@$$FA$AAMXP$AAVObject@System@@P$AAVEventArgs@4@@Z$1 00410ca0 f i EEV_Sim.obj
 0001:0000fcaf       $LN29                      00410caf f i EEV_Sim.obj
 0001:0000fcb9       __catch$?btnConnect_Click@USB@EEV_Sim@@$$FA$AAMXP$AAVObject@System@@P$AAVEventArgs@4@@Z$2 00410cb9 f i EEV_Sim.obj
 0001:0000fd39       __catch$?serialPort1_DataReceived@USB@EEV_Sim@@$$FA$AAMXP$AAVObject@System@@P$AAVSerialDataReceivedEventArgs@Ports@IO@4@@Z$0 00410d39 f i EEV_Sim.obj
 0001:0000fd39       $LN6                       00410d39 f i EEV_Sim.obj
 0001:0000fd4f       $LN26                      00410d4f f i EEV_Sim.obj
 0001:0000fd6c       __catch$?serialPort1_DataReceived@USB@EEV_Sim@@$$FA$AAMXP$AAVObject@System@@P$AAVSerialDataReceivedEventArgs@Ports@IO@4@@Z$1 00410d6c f i EEV_Sim.obj
 0001:0000fd6c       $LN10                      00410d6c f i EEV_Sim.obj
 0001:0000fd7b       $LN29                      00410d7b f i EEV_Sim.obj
 0001:0000fd85       __catch$?serialPort1_DataReceived@USB@EEV_Sim@@$$FA$AAMXP$AAVObject@System@@P$AAVSerialDataReceivedEventArgs@Ports@IO@4@@Z$2 00410d85 f i EEV_Sim.obj
 0001:000159f8       __catch$?LOG_DataLogProcess@Form1@EEV_Sim@@$$FQ$AAMXP$AAVString@System@@@Z$0 004169f8 f i EEV_Sim.obj
 0001:00015a0c       __catch$?LOG_DataLogProcess@Form1@EEV_Sim@@$$FQ$AAMXP$AAVString@System@@@Z$2 00416a0c f i EEV_Sim.obj
 0001:00015a57       __catch$?LOG_DataLogProcess@Form1@EEV_Sim@@$$FQ$AAMXP$AAVString@System@@@Z$4 00416a57 f i EEV_Sim.obj
 0001:00015c53       $LN14                      00416c53 f i EEV_Sim.obj
 0001:00015c53       __catch$?USB_Data_Share_poll@Form1@EEV_Sim@@$$FA$AAMXXZ$0 00416c53 f i EEV_Sim.obj
 0001:00015c6a       $LN34                      00416c6a f i EEV_Sim.obj
 0001:00015c7b       $LN18                      00416c7b f i EEV_Sim.obj
 0001:00015c7b       __catch$?USB_Data_Share_poll@Form1@EEV_Sim@@$$FA$AAMXXZ$1 00416c7b f i EEV_Sim.obj
 0001:00015c8a       $LN37                      00416c8a f i EEV_Sim.obj
 0001:00015c94       __catch$?USB_Data_Share_poll@Form1@EEV_Sim@@$$FA$AAMXXZ$2 00416c94 f i EEV_Sim.obj
 0001:00016702       $LN6                       00417702 f i EEV_Sim.obj
 0001:00016702       __catch$?USB_serialPort1_DataReceived@Form1@EEV_Sim@@$$FA$AAMXP$AAVObject@System@@P$AAVSerialDataReceivedEventArgs@Ports@IO@4@@Z$0 00417702 f i EEV_Sim.obj
 0001:00016718       $LN26                      00417718 f i EEV_Sim.obj
 0001:00016730       __catch$?USB_serialPort1_DataReceived@Form1@EEV_Sim@@$$FA$AAMXP$AAVObject@System@@P$AAVSerialDataReceivedEventArgs@Ports@IO@4@@Z$1 00417730 f i EEV_Sim.obj
 0001:00016730       $LN10                      00417730 f i EEV_Sim.obj
 0001:0001673f       $LN29                      0041773f f i EEV_Sim.obj
 0001:00016749       __catch$?USB_serialPort1_DataReceived@Form1@EEV_Sim@@$$FA$AAMXP$AAVObject@System@@P$AAVSerialDataReceivedEventArgs@Ports@IO@4@@Z$2 00417749 f i EEV_Sim.obj
 0001:0004cde8       __catch$?Create@ActivationContext@<CrtImplementationDetails>@@$$FQAMXXZ$0 0044dde8 f i MSVCURTD:mstartup.obj
 0001:0004ce9b       __catch$?Cleanup@LanguageSupport@<CrtImplementationDetails>@@$$FAAMXP$AAVException@System@@@Z$0 0044de9b f i MSVCURTD:mstartup.obj
 0001:0004cea5       __catch$?Cleanup@LanguageSupport@<CrtImplementationDetails>@@$$FAAMXP$AAVException@System@@@Z$1 0044dea5 f i MSVCURTD:mstartup.obj
 0001:0004d1ec       __catch$?Initialize@LanguageSupport@<CrtImplementationDetails>@@$$FQAMXXZ$0 0044e1ec f i MSVCURTD:mstartup.obj
 0001:0004d202       __catch$?Initialize@LanguageSupport@<CrtImplementationDetails>@@$$FQAMXXZ$1 0044e202 f i MSVCURTD:mstartup.obj
 0001:0004dcb3       __catch$?_atexit_helper@@$$J0YMHP6MXXZPAIPAPAP6MXXZ2@Z$0 0044ecb3 f   MSVCURTD:msilexit.obj
 0001:0004dd0c       __catch$?_atexit_helper@@$$J0YMHP6MXXZPAIPAPAP6MXXZ2@Z$2 0044ed0c f   MSVCURTD:msilexit.obj
 0001:0004dd15       __catch$?_atexit_helper@@$$J0YMHP6MXXZPAIPAPAP6MXXZ2@Z$3 0044ed15 f   MSVCURTD:msilexit.obj
